{
  "formatVersion": 1,
  "meta": {
    "authors": [],
    "custom": {},
    "keywords": [],
    "language": "en"
  },
  "stats": {
    "codeBlocks": 1,
    "headings": 0,
    "images": 0,
    "tables": 0,
    "words": 0
  },
  "anchors": [],
  "assets": [],
  "footnotes": [],
  "blocks": [
    {
      "caption": null,
      "context": {
        "indentLevel": 0,
        "insideCallout": null,
        "insideFootnote": false,
        "insideQuote": false,
        "insideTableCell": false,
        "listPath": []
      },
      "kind": "code",
      "language": "python",
      "lines": [
        {
          "number": 1,
          "tokens": [
            {
              "scope": "keyword",
              "text": "def"
            },
            {
              "scope": "plain",
              "text": " "
            },
            {
              "scope": "function",
              "text": "first"
            },
            {
              "scope": "punctuation",
              "text": "():"
            }
          ]
        },
        {
          "number": 2,
          "tokens": [
            {
              "scope": "plain",
              "text": "    "
            },
            {
              "scope": "keyword",
              "text": "return"
            },
            {
              "scope": "plain",
              "text": " "
            },
            {
              "scope": "number",
              "text": "1"
            }
          ]
        },
        {
          "number": 3,
          "tokens": []
        },
        {
          "number": 4,
          "tokens": []
        },
        {
          "number": 5,
          "tokens": [
            {
              "scope": "keyword",
              "text": "def"
            },
            {
              "scope": "plain",
              "text": " "
            },
            {
              "scope": "function",
              "text": "second"
            },
            {
              "scope": "punctuation",
              "text": "():"
            }
          ]
        },
        {
          "number": 6,
          "tokens": [
            {
              "scope": "plain",
              "text": "    "
            },
            {
              "scope": "keyword",
              "text": "return"
            },
            {
              "scope": "plain",
              "text": " "
            },
            {
              "scope": "number",
              "text": "2"
            }
          ]
        }
      ]
    }
  ]
}
