{
  "formatVersion": 1,
  "meta": {
    "authors": [],
    "custom": {},
    "keywords": [],
    "language": "en"
  },
  "stats": {
    "codeBlocks": 0,
    "headings": 0,
    "images": 0,
    "tables": 0,
    "words": 22
  },
  "anchors": [],
  "assets": [],
  "footnotes": [
    {
      "id": 1,
      "blocks": [
        {
          "align": null,
          "children": [
            {
              "kind": "text",
              "marks": {
                "bold": false,
                "code": false,
                "italic": false,
                "strike": false,
                "subscript": false,
                "superscript": false
              },
              "value": "This one exists."
            }
          ],
          "context": {
            "indentLevel": 0,
            "insideCallout": null,
            "insideFootnote": true,
            "insideQuote": false,
            "insideTableCell": false,
            "listPath": []
          },
          "kind": "paragraph"
        }
      ]
    }
  ],
  "blocks": [
    {
      "align": null,
      "children": [
        {
          "kind": "text",
          "marks": {
            "bold": false,
            "code": false,
            "italic": false,
            "strike": false,
            "subscript": false,
            "superscript": false
          },
          "value": "A sentence referring to a note that was never defined[^missing]."
        }
      ],
      "context": {
        "indentLevel": 0,
        "insideCallout": null,
        "insideFootnote": false,
        "insideQuote": false,
        "insideTableCell": false,
        "listPath": []
      },
      "kind": "paragraph"
    },
    {
      "align": null,
      "children": [
        {
          "kind": "text",
          "marks": {
            "bold": false,
            "code": false,
            "italic": false,
            "strike": false,
            "subscript": false,
            "superscript": false
          },
          "value": "A sentence referring to a note that is defined"
        },
        {
          "id": 1,
          "kind": "footnoteReference"
        },
        {
          "kind": "text",
          "marks": {
            "bold": false,
            "code": false,
            "italic": false,
            "strike": false,
            "subscript": false,
            "superscript": false
          },
          "value": "."
        }
      ],
      "context": {
        "indentLevel": 0,
        "insideCallout": null,
        "insideFootnote": false,
        "insideQuote": false,
        "insideTableCell": false,
        "listPath": []
      },
      "kind": "paragraph"
    }
  ]
}
