{
  "formatVersion": 1,
  "meta": {
    "authors": [],
    "custom": {},
    "keywords": [],
    "language": "en"
  },
  "stats": {
    "codeBlocks": 0,
    "headings": 0,
    "images": 0,
    "tables": 0,
    "words": 41
  },
  "anchors": [],
  "assets": [],
  "footnotes": [],
  "blocks": [
    {
      "align": null,
      "children": [
        {
          "kind": "text",
          "marks": {
            "bold": false,
            "code": false,
            "italic": false,
            "strike": false,
            "subscript": false,
            "superscript": false
          },
          "value": "Plain text, "
        },
        {
          "kind": "text",
          "marks": {
            "bold": true,
            "code": false,
            "italic": false,
            "strike": false,
            "subscript": false,
            "superscript": false
          },
          "value": "bold"
        },
        {
          "kind": "text",
          "marks": {
            "bold": false,
            "code": false,
            "italic": false,
            "strike": false,
            "subscript": false,
            "superscript": false
          },
          "value": ", "
        },
        {
          "kind": "text",
          "marks": {
            "bold": false,
            "code": false,
            "italic": true,
            "strike": false,
            "subscript": false,
            "superscript": false
          },
          "value": "italic"
        },
        {
          "kind": "text",
          "marks": {
            "bold": false,
            "code": false,
            "italic": false,
            "strike": false,
            "subscript": false,
            "superscript": false
          },
          "value": ", "
        },
        {
          "kind": "text",
          "marks": {
            "bold": true,
            "code": false,
            "italic": true,
            "strike": false,
            "subscript": false,
            "superscript": false
          },
          "value": "bold italic"
        },
        {
          "kind": "text",
          "marks": {
            "bold": false,
            "code": false,
            "italic": false,
            "strike": false,
            "subscript": false,
            "superscript": false
          },
          "value": ", "
        },
        {
          "kind": "text",
          "marks": {
            "bold": false,
            "code": false,
            "italic": false,
            "strike": true,
            "subscript": false,
            "superscript": false
          },
          "value": "struck"
        },
        {
          "kind": "text",
          "marks": {
            "bold": false,
            "code": false,
            "italic": false,
            "strike": false,
            "subscript": false,
            "superscript": false
          },
          "value": " and "
        },
        {
          "kind": "inlineCode",
          "marks": {
            "bold": false,
            "code": true,
            "italic": false,
            "strike": false,
            "subscript": false,
            "superscript": false
          },
          "value": "code"
        },
        {
          "kind": "text",
          "marks": {
            "bold": false,
            "code": false,
            "italic": false,
            "strike": false,
            "subscript": false,
            "superscript": false
          },
          "value": "."
        }
      ],
      "context": {
        "indentLevel": 0,
        "insideCallout": null,
        "insideFootnote": false,
        "insideQuote": false,
        "insideTableCell": false,
        "listPath": []
      },
      "kind": "paragraph"
    },
    {
      "align": null,
      "children": [
        {
          "kind": "text",
          "marks": {
            "bold": false,
            "code": false,
            "italic": false,
            "strike": false,
            "subscript": false,
            "superscript": false
          },
          "value": "A "
        },
        {
          "kind": "text",
          "marks": {
            "bold": true,
            "code": false,
            "italic": false,
            "strike": false,
            "subscript": false,
            "superscript": false
          },
          "value": "bold run with "
        },
        {
          "kind": "text",
          "marks": {
            "bold": true,
            "code": false,
            "italic": true,
            "strike": false,
            "subscript": false,
            "superscript": false
          },
          "value": "nested italic"
        },
        {
          "kind": "text",
          "marks": {
            "bold": true,
            "code": false,
            "italic": false,
            "strike": false,
            "subscript": false,
            "superscript": false
          },
          "value": " inside"
        },
        {
          "kind": "text",
          "marks": {
            "bold": false,
            "code": false,
            "italic": false,
            "strike": false,
            "subscript": false,
            "superscript": false
          },
          "value": " it."
        }
      ],
      "context": {
        "indentLevel": 0,
        "insideCallout": null,
        "insideFootnote": false,
        "insideQuote": false,
        "insideTableCell": false,
        "listPath": []
      },
      "kind": "paragraph"
    },
    {
      "align": null,
      "children": [
        {
          "kind": "text",
          "marks": {
            "bold": false,
            "code": false,
            "italic": false,
            "strike": false,
            "subscript": false,
            "superscript": false
          },
          "value": "An "
        },
        {
          "kind": "text",
          "marks": {
            "bold": false,
            "code": false,
            "italic": true,
            "strike": false,
            "subscript": false,
            "superscript": false
          },
          "value": "italic run with "
        },
        {
          "kind": "inlineCode",
          "marks": {
            "bold": false,
            "code": true,
            "italic": true,
            "strike": false,
            "subscript": false,
            "superscript": false
          },
          "value": "inline code"
        },
        {
          "kind": "text",
          "marks": {
            "bold": false,
            "code": false,
            "italic": true,
            "strike": false,
            "subscript": false,
            "superscript": false
          },
          "value": " inside"
        },
        {
          "kind": "text",
          "marks": {
            "bold": false,
            "code": false,
            "italic": false,
            "strike": false,
            "subscript": false,
            "superscript": false
          },
          "value": " it."
        }
      ],
      "context": {
        "indentLevel": 0,
        "insideCallout": null,
        "insideFootnote": false,
        "insideQuote": false,
        "insideTableCell": false,
        "listPath": []
      },
      "kind": "paragraph"
    },
    {
      "align": null,
      "children": [
        {
          "kind": "text",
          "marks": {
            "bold": false,
            "code": false,
            "italic": false,
            "strike": false,
            "subscript": false,
            "superscript": false
          },
          "value": "A "
        },
        {
          "kind": "text",
          "marks": {
            "bold": false,
            "code": false,
            "italic": false,
            "strike": true,
            "subscript": false,
            "superscript": false
          },
          "value": "struck run with "
        },
        {
          "kind": "text",
          "marks": {
            "bold": true,
            "code": false,
            "italic": false,
            "strike": true,
            "subscript": false,
            "superscript": false
          },
          "value": "bold"
        },
        {
          "kind": "text",
          "marks": {
            "bold": false,
            "code": false,
            "italic": false,
            "strike": true,
            "subscript": false,
            "superscript": false
          },
          "value": " inside"
        },
        {
          "kind": "text",
          "marks": {
            "bold": false,
            "code": false,
            "italic": false,
            "strike": false,
            "subscript": false,
            "superscript": false
          },
          "value": " it."
        }
      ],
      "context": {
        "indentLevel": 0,
        "insideCallout": null,
        "insideFootnote": false,
        "insideQuote": false,
        "insideTableCell": false,
        "listPath": []
      },
      "kind": "paragraph"
    },
    {
      "align": null,
      "children": [
        {
          "kind": "text",
          "marks": {
            "bold": false,
            "code": false,
            "italic": false,
            "strike": false,
            "subscript": false,
            "superscript": false
          },
          "value": "Hard break here:\nline two after a hard break."
        }
      ],
      "context": {
        "indentLevel": 0,
        "insideCallout": null,
        "insideFootnote": false,
        "insideQuote": false,
        "insideTableCell": false,
        "listPath": []
      },
      "kind": "paragraph"
    }
  ]
}
