{
  "formatVersion": 1,
  "meta": {
    "authors": [
      "Ada Lovelace",
      "Grace Hopper"
    ],
    "custom": {},
    "date": "2026-09-22",
    "keywords": [
      "coverage",
      "reference"
    ],
    "language": "en",
    "subject": "Conversion coverage",
    "subtitle": "Every construction the service renders",
    "title": "The Kitchen Sink"
  },
  "stats": {
    "codeBlocks": 2,
    "headings": 10,
    "images": 3,
    "tables": 1,
    "words": 220
  },
  "anchors": [
    [
      "callouts",
      "Callouts"
    ],
    [
      "characters",
      "Characters"
    ],
    [
      "code",
      "Code"
    ],
    [
      "figures",
      "Figures"
    ],
    [
      "introduction",
      "Introduction"
    ],
    [
      "lists",
      "Lists"
    ],
    [
      "notes",
      "Notes"
    ],
    [
      "quotations",
      "Quotations"
    ],
    [
      "sections",
      "Sections"
    ],
    [
      "tables",
      "Tables"
    ]
  ],
  "assets": [
    {
      "sourceKey": "diagram.png",
      "encoding": "png",
      "byteLength": 1286,
      "digest": "63e47fc37ef58252d8c0f7f6be6c1c296f673d2ebf7d84fdfe178902364bd1d8",
      "intrinsic": {
        "width": 320,
        "height": 180
      },
      "rendered": {
        "width": 320,
        "height": 180
      }
    },
    {
      "sourceKey": "diagram.svg",
      "encoding": "png",
      "byteLength": 0,
      "digest": "rasterised-vector-asset",
      "intrinsic": {
        "width": 723,
        "height": 362
      },
      "rendered": {
        "width": 361,
        "height": 181
      }
    }
  ],
  "footnotes": [
    {
      "id": 1,
      "blocks": [
        {
          "align": null,
          "children": [
            {
              "kind": "text",
              "marks": {
                "bold": false,
                "code": false,
                "italic": false,
                "strike": false,
                "subscript": false,
                "superscript": false
              },
              "value": "The definition of the first note."
            }
          ],
          "context": {
            "indentLevel": 0,
            "insideCallout": null,
            "insideFootnote": true,
            "insideQuote": false,
            "insideTableCell": false,
            "listPath": []
          },
          "kind": "paragraph"
        },
        {
          "align": null,
          "children": [
            {
              "kind": "text",
              "marks": {
                "bold": false,
                "code": false,
                "italic": false,
                "strike": false,
                "subscript": false,
                "superscript": false
              },
              "value": "A second paragraph inside the first note."
            }
          ],
          "context": {
            "indentLevel": 0,
            "insideCallout": null,
            "insideFootnote": true,
            "insideQuote": false,
            "insideTableCell": false,
            "listPath": []
          },
          "kind": "paragraph"
        }
      ]
    },
    {
      "id": 2,
      "blocks": [
        {
          "align": null,
          "children": [
            {
              "kind": "text",
              "marks": {
                "bold": false,
                "code": false,
                "italic": false,
                "strike": false,
                "subscript": false,
                "superscript": false
              },
              "value": "The definition of the second note."
            }
          ],
          "context": {
            "indentLevel": 0,
            "insideCallout": null,
            "insideFootnote": true,
            "insideQuote": false,
            "insideTableCell": false,
            "listPath": []
          },
          "kind": "paragraph"
        }
      ]
    }
  ],
  "blocks": [
    {
      "anchor": "introduction",
      "children": [
        {
          "kind": "text",
          "marks": {
            "bold": false,
            "code": false,
            "italic": false,
            "strike": false,
            "subscript": false,
            "superscript": false
          },
          "value": "Introduction"
        }
      ],
      "context": {
        "indentLevel": 0,
        "insideCallout": null,
        "insideFootnote": false,
        "insideQuote": false,
        "insideTableCell": false,
        "listPath": []
      },
      "kind": "heading",
      "level": 1,
      "plainText": "Introduction"
    },
    {
      "align": null,
      "children": [
        {
          "kind": "text",
          "marks": {
            "bold": false,
            "code": false,
            "italic": false,
            "strike": false,
            "subscript": false,
            "superscript": false
          },
          "value": "A paragraph of ordinary prose with "
        },
        {
          "kind": "text",
          "marks": {
            "bold": false,
            "code": false,
            "italic": true,
            "strike": false,
            "subscript": false,
            "superscript": false
          },
          "value": "italic"
        },
        {
          "kind": "text",
          "marks": {
            "bold": false,
            "code": false,
            "italic": false,
            "strike": false,
            "subscript": false,
            "superscript": false
          },
          "value": ", "
        },
        {
          "kind": "text",
          "marks": {
            "bold": true,
            "code": false,
            "italic": false,
            "strike": false,
            "subscript": false,
            "superscript": false
          },
          "value": "bold"
        },
        {
          "kind": "text",
          "marks": {
            "bold": false,
            "code": false,
            "italic": false,
            "strike": false,
            "subscript": false,
            "superscript": false
          },
          "value": ", "
        },
        {
          "kind": "text",
          "marks": {
            "bold": true,
            "code": false,
            "italic": true,
            "strike": false,
            "subscript": false,
            "superscript": false
          },
          "value": "bold italic"
        },
        {
          "kind": "text",
          "marks": {
            "bold": false,
            "code": false,
            "italic": false,
            "strike": false,
            "subscript": false,
            "superscript": false
          },
          "value": ", "
        },
        {
          "kind": "text",
          "marks": {
            "bold": false,
            "code": false,
            "italic": false,
            "strike": true,
            "subscript": false,
            "superscript": false
          },
          "value": "struck"
        },
        {
          "kind": "text",
          "marks": {
            "bold": false,
            "code": false,
            "italic": false,
            "strike": false,
            "subscript": false,
            "superscript": false
          },
          "value": " text and\n"
        },
        {
          "kind": "inlineCode",
          "marks": {
            "bold": false,
            "code": true,
            "italic": false,
            "strike": false,
            "subscript": false,
            "superscript": false
          },
          "value": "inline code"
        },
        {
          "kind": "text",
          "marks": {
            "bold": false,
            "code": false,
            "italic": false,
            "strike": false,
            "subscript": false,
            "superscript": false
          },
          "value": ". An "
        },
        {
          "children": [
            {
              "kind": "text",
              "marks": {
                "bold": false,
                "code": false,
                "italic": false,
                "strike": false,
                "subscript": false,
                "superscript": false
              },
              "value": "external link"
            }
          ],
          "internal": false,
          "kind": "link",
          "title": null,
          "url": "https://example.com"
        },
        {
          "kind": "text",
          "marks": {
            "bold": false,
            "code": false,
            "italic": false,
            "strike": false,
            "subscript": false,
            "superscript": false
          },
          "value": " and an "
        },
        {
          "children": [
            {
              "kind": "text",
              "marks": {
                "bold": false,
                "code": false,
                "italic": false,
                "strike": false,
                "subscript": false,
                "superscript": false
              },
              "value": "internal link"
            }
          ],
          "internal": true,
          "kind": "link",
          "title": null,
          "url": "#lists"
        },
        {
          "kind": "text",
          "marks": {
            "bold": false,
            "code": false,
            "italic": false,
            "strike": false,
            "subscript": false,
            "superscript": false
          },
          "value": "."
        }
      ],
      "context": {
        "indentLevel": 0,
        "insideCallout": null,
        "insideFootnote": false,
        "insideQuote": false,
        "insideTableCell": false,
        "listPath": []
      },
      "kind": "paragraph"
    },
    {
      "align": null,
      "children": [
        {
          "kind": "text",
          "marks": {
            "bold": false,
            "code": false,
            "italic": false,
            "strike": false,
            "subscript": false,
            "superscript": false
          },
          "value": "A second paragraph with a hard break after this line,\nand the line that follows it."
        }
      ],
      "context": {
        "indentLevel": 0,
        "insideCallout": null,
        "insideFootnote": false,
        "insideQuote": false,
        "insideTableCell": false,
        "listPath": []
      },
      "kind": "paragraph"
    },
    {
      "anchor": "quotations",
      "children": [
        {
          "kind": "text",
          "marks": {
            "bold": false,
            "code": false,
            "italic": false,
            "strike": false,
            "subscript": false,
            "superscript": false
          },
          "value": "Quotations"
        }
      ],
      "context": {
        "indentLevel": 0,
        "insideCallout": null,
        "insideFootnote": false,
        "insideQuote": false,
        "insideTableCell": false,
        "listPath": []
      },
      "kind": "heading",
      "level": 2,
      "plainText": "Quotations"
    },
    {
      "align": null,
      "children": [
        {
          "kind": "text",
          "marks": {
            "bold": false,
            "code": false,
            "italic": false,
            "strike": false,
            "subscript": false,
            "superscript": false
          },
          "value": "A quoted paragraph."
        }
      ],
      "context": {
        "indentLevel": 1,
        "insideCallout": null,
        "insideFootnote": false,
        "insideQuote": true,
        "insideTableCell": false,
        "listPath": []
      },
      "kind": "paragraph"
    },
    {
      "align": null,
      "children": [
        {
          "kind": "text",
          "marks": {
            "bold": false,
            "code": false,
            "italic": false,
            "strike": false,
            "subscript": false,
            "superscript": false
          },
          "value": "A nested quotation."
        }
      ],
      "context": {
        "indentLevel": 2,
        "insideCallout": null,
        "insideFootnote": false,
        "insideQuote": true,
        "insideTableCell": false,
        "listPath": []
      },
      "kind": "paragraph"
    },
    {
      "align": null,
      "children": [
        {
          "kind": "text",
          "marks": {
            "bold": false,
            "code": false,
            "italic": false,
            "strike": false,
            "subscript": false,
            "superscript": false
          },
          "value": "Back to the first level."
        }
      ],
      "context": {
        "indentLevel": 1,
        "insideCallout": null,
        "insideFootnote": false,
        "insideQuote": true,
        "insideTableCell": false,
        "listPath": []
      },
      "kind": "paragraph"
    },
    {
      "anchor": "lists",
      "children": [
        {
          "kind": "text",
          "marks": {
            "bold": false,
            "code": false,
            "italic": false,
            "strike": false,
            "subscript": false,
            "superscript": false
          },
          "value": "Lists"
        }
      ],
      "context": {
        "indentLevel": 0,
        "insideCallout": null,
        "insideFootnote": false,
        "insideQuote": false,
        "insideTableCell": false,
        "listPath": []
      },
      "kind": "heading",
      "level": 1,
      "plainText": "Lists"
    },
    {
      "blocks": [
        {
          "align": null,
          "children": [
            {
              "kind": "text",
              "marks": {
                "bold": false,
                "code": false,
                "italic": false,
                "strike": false,
                "subscript": false,
                "superscript": false
              },
              "value": "An unordered item"
            }
          ],
          "context": {
            "indentLevel": 1,
            "insideCallout": null,
            "insideFootnote": false,
            "insideQuote": false,
            "insideTableCell": false,
            "listPath": [
              {
                "instance": 1,
                "level": 0,
                "ordered": false,
                "spread": false,
                "start": 1
              }
            ]
          },
          "kind": "paragraph"
        }
      ],
      "checked": null,
      "context": {
        "indentLevel": 1,
        "insideCallout": null,
        "insideFootnote": false,
        "insideQuote": false,
        "insideTableCell": false,
        "listPath": [
          {
            "instance": 1,
            "level": 0,
            "ordered": false,
            "spread": false,
            "start": 1
          }
        ]
      },
      "frame": {
        "instance": 1,
        "level": 0,
        "ordered": false,
        "spread": false,
        "start": 1
      },
      "kind": "listItem"
    },
    {
      "blocks": [
        {
          "align": null,
          "children": [
            {
              "kind": "text",
              "marks": {
                "bold": false,
                "code": false,
                "italic": false,
                "strike": false,
                "subscript": false,
                "superscript": false
              },
              "value": "Another unordered item"
            }
          ],
          "context": {
            "indentLevel": 1,
            "insideCallout": null,
            "insideFootnote": false,
            "insideQuote": false,
            "insideTableCell": false,
            "listPath": [
              {
                "instance": 1,
                "level": 0,
                "ordered": false,
                "spread": false,
                "start": 1
              }
            ]
          },
          "kind": "paragraph"
        }
      ],
      "checked": null,
      "context": {
        "indentLevel": 1,
        "insideCallout": null,
        "insideFootnote": false,
        "insideQuote": false,
        "insideTableCell": false,
        "listPath": [
          {
            "instance": 1,
            "level": 0,
            "ordered": false,
            "spread": false,
            "start": 1
          }
        ]
      },
      "frame": {
        "instance": 1,
        "level": 0,
        "ordered": false,
        "spread": false,
        "start": 1
      },
      "kind": "listItem"
    },
    {
      "blocks": [
        {
          "align": null,
          "children": [
            {
              "kind": "text",
              "marks": {
                "bold": false,
                "code": false,
                "italic": false,
                "strike": false,
                "subscript": false,
                "superscript": false
              },
              "value": "A nested item"
            }
          ],
          "context": {
            "indentLevel": 2,
            "insideCallout": null,
            "insideFootnote": false,
            "insideQuote": false,
            "insideTableCell": false,
            "listPath": [
              {
                "instance": 1,
                "level": 0,
                "ordered": false,
                "spread": false,
                "start": 1
              },
              {
                "instance": 1,
                "level": 1,
                "ordered": false,
                "spread": false,
                "start": 1
              }
            ]
          },
          "kind": "paragraph"
        }
      ],
      "checked": null,
      "context": {
        "indentLevel": 2,
        "insideCallout": null,
        "insideFootnote": false,
        "insideQuote": false,
        "insideTableCell": false,
        "listPath": [
          {
            "instance": 1,
            "level": 0,
            "ordered": false,
            "spread": false,
            "start": 1
          },
          {
            "instance": 1,
            "level": 1,
            "ordered": false,
            "spread": false,
            "start": 1
          }
        ]
      },
      "frame": {
        "instance": 1,
        "level": 1,
        "ordered": false,
        "spread": false,
        "start": 1
      },
      "kind": "listItem"
    },
    {
      "blocks": [
        {
          "align": null,
          "children": [
            {
              "kind": "text",
              "marks": {
                "bold": false,
                "code": false,
                "italic": false,
                "strike": false,
                "subscript": false,
                "superscript": false
              },
              "value": "A third level"
            }
          ],
          "context": {
            "indentLevel": 3,
            "insideCallout": null,
            "insideFootnote": false,
            "insideQuote": false,
            "insideTableCell": false,
            "listPath": [
              {
                "instance": 1,
                "level": 0,
                "ordered": false,
                "spread": false,
                "start": 1
              },
              {
                "instance": 1,
                "level": 1,
                "ordered": false,
                "spread": false,
                "start": 1
              },
              {
                "instance": 1,
                "level": 2,
                "ordered": false,
                "spread": false,
                "start": 1
              }
            ]
          },
          "kind": "paragraph"
        }
      ],
      "checked": null,
      "context": {
        "indentLevel": 3,
        "insideCallout": null,
        "insideFootnote": false,
        "insideQuote": false,
        "insideTableCell": false,
        "listPath": [
          {
            "instance": 1,
            "level": 0,
            "ordered": false,
            "spread": false,
            "start": 1
          },
          {
            "instance": 1,
            "level": 1,
            "ordered": false,
            "spread": false,
            "start": 1
          },
          {
            "instance": 1,
            "level": 2,
            "ordered": false,
            "spread": false,
            "start": 1
          }
        ]
      },
      "frame": {
        "instance": 1,
        "level": 2,
        "ordered": false,
        "spread": false,
        "start": 1
      },
      "kind": "listItem"
    },
    {
      "blocks": [
        {
          "align": null,
          "children": [
            {
              "kind": "text",
              "marks": {
                "bold": false,
                "code": false,
                "italic": false,
                "strike": false,
                "subscript": false,
                "superscript": false
              },
              "value": "A final item"
            }
          ],
          "context": {
            "indentLevel": 1,
            "insideCallout": null,
            "insideFootnote": false,
            "insideQuote": false,
            "insideTableCell": false,
            "listPath": [
              {
                "instance": 1,
                "level": 0,
                "ordered": false,
                "spread": false,
                "start": 1
              }
            ]
          },
          "kind": "paragraph"
        }
      ],
      "checked": null,
      "context": {
        "indentLevel": 1,
        "insideCallout": null,
        "insideFootnote": false,
        "insideQuote": false,
        "insideTableCell": false,
        "listPath": [
          {
            "instance": 1,
            "level": 0,
            "ordered": false,
            "spread": false,
            "start": 1
          }
        ]
      },
      "frame": {
        "instance": 1,
        "level": 0,
        "ordered": false,
        "spread": false,
        "start": 1
      },
      "kind": "listItem"
    },
    {
      "blocks": [
        {
          "align": null,
          "children": [
            {
              "kind": "text",
              "marks": {
                "bold": false,
                "code": false,
                "italic": false,
                "strike": false,
                "subscript": false,
                "superscript": false
              },
              "value": "An ordered step"
            }
          ],
          "context": {
            "indentLevel": 1,
            "insideCallout": null,
            "insideFootnote": false,
            "insideQuote": false,
            "insideTableCell": false,
            "listPath": [
              {
                "instance": 2,
                "level": 0,
                "ordered": true,
                "spread": false,
                "start": 1
              }
            ]
          },
          "kind": "paragraph"
        }
      ],
      "checked": null,
      "context": {
        "indentLevel": 1,
        "insideCallout": null,
        "insideFootnote": false,
        "insideQuote": false,
        "insideTableCell": false,
        "listPath": [
          {
            "instance": 2,
            "level": 0,
            "ordered": true,
            "spread": false,
            "start": 1
          }
        ]
      },
      "frame": {
        "instance": 2,
        "level": 0,
        "ordered": true,
        "spread": false,
        "start": 1
      },
      "kind": "listItem"
    },
    {
      "blocks": [
        {
          "align": null,
          "children": [
            {
              "kind": "text",
              "marks": {
                "bold": false,
                "code": false,
                "italic": false,
                "strike": false,
                "subscript": false,
                "superscript": false
              },
              "value": "A second step"
            }
          ],
          "context": {
            "indentLevel": 1,
            "insideCallout": null,
            "insideFootnote": false,
            "insideQuote": false,
            "insideTableCell": false,
            "listPath": [
              {
                "instance": 2,
                "level": 0,
                "ordered": true,
                "spread": false,
                "start": 1
              }
            ]
          },
          "kind": "paragraph"
        }
      ],
      "checked": null,
      "context": {
        "indentLevel": 1,
        "insideCallout": null,
        "insideFootnote": false,
        "insideQuote": false,
        "insideTableCell": false,
        "listPath": [
          {
            "instance": 2,
            "level": 0,
            "ordered": true,
            "spread": false,
            "start": 1
          }
        ]
      },
      "frame": {
        "instance": 2,
        "level": 0,
        "ordered": true,
        "spread": false,
        "start": 1
      },
      "kind": "listItem"
    },
    {
      "blocks": [
        {
          "align": null,
          "children": [
            {
              "kind": "text",
              "marks": {
                "bold": false,
                "code": false,
                "italic": false,
                "strike": false,
                "subscript": false,
                "superscript": false
              },
              "value": "A nested step"
            }
          ],
          "context": {
            "indentLevel": 2,
            "insideCallout": null,
            "insideFootnote": false,
            "insideQuote": false,
            "insideTableCell": false,
            "listPath": [
              {
                "instance": 2,
                "level": 0,
                "ordered": true,
                "spread": false,
                "start": 1
              },
              {
                "instance": 2,
                "level": 1,
                "ordered": true,
                "spread": false,
                "start": 1
              }
            ]
          },
          "kind": "paragraph"
        }
      ],
      "checked": null,
      "context": {
        "indentLevel": 2,
        "insideCallout": null,
        "insideFootnote": false,
        "insideQuote": false,
        "insideTableCell": false,
        "listPath": [
          {
            "instance": 2,
            "level": 0,
            "ordered": true,
            "spread": false,
            "start": 1
          },
          {
            "instance": 2,
            "level": 1,
            "ordered": true,
            "spread": false,
            "start": 1
          }
        ]
      },
      "frame": {
        "instance": 2,
        "level": 1,
        "ordered": true,
        "spread": false,
        "start": 1
      },
      "kind": "listItem"
    },
    {
      "blocks": [
        {
          "align": null,
          "children": [
            {
              "kind": "text",
              "marks": {
                "bold": false,
                "code": false,
                "italic": false,
                "strike": false,
                "subscript": false,
                "superscript": false
              },
              "value": "A third step"
            }
          ],
          "context": {
            "indentLevel": 1,
            "insideCallout": null,
            "insideFootnote": false,
            "insideQuote": false,
            "insideTableCell": false,
            "listPath": [
              {
                "instance": 2,
                "level": 0,
                "ordered": true,
                "spread": false,
                "start": 1
              }
            ]
          },
          "kind": "paragraph"
        }
      ],
      "checked": null,
      "context": {
        "indentLevel": 1,
        "insideCallout": null,
        "insideFootnote": false,
        "insideQuote": false,
        "insideTableCell": false,
        "listPath": [
          {
            "instance": 2,
            "level": 0,
            "ordered": true,
            "spread": false,
            "start": 1
          }
        ]
      },
      "frame": {
        "instance": 2,
        "level": 0,
        "ordered": true,
        "spread": false,
        "start": 1
      },
      "kind": "listItem"
    },
    {
      "blocks": [
        {
          "align": null,
          "children": [
            {
              "kind": "text",
              "marks": {
                "bold": false,
                "code": false,
                "italic": false,
                "strike": false,
                "subscript": false,
                "superscript": false
              },
              "value": "A completed task"
            }
          ],
          "context": {
            "indentLevel": 1,
            "insideCallout": null,
            "insideFootnote": false,
            "insideQuote": false,
            "insideTableCell": false,
            "listPath": [
              {
                "instance": 3,
                "level": 0,
                "ordered": false,
                "spread": false,
                "start": 1
              }
            ]
          },
          "kind": "paragraph"
        }
      ],
      "checked": true,
      "context": {
        "indentLevel": 1,
        "insideCallout": null,
        "insideFootnote": false,
        "insideQuote": false,
        "insideTableCell": false,
        "listPath": [
          {
            "instance": 3,
            "level": 0,
            "ordered": false,
            "spread": false,
            "start": 1
          }
        ]
      },
      "frame": {
        "instance": 3,
        "level": 0,
        "ordered": false,
        "spread": false,
        "start": 1
      },
      "kind": "listItem"
    },
    {
      "blocks": [
        {
          "align": null,
          "children": [
            {
              "kind": "text",
              "marks": {
                "bold": false,
                "code": false,
                "italic": false,
                "strike": false,
                "subscript": false,
                "superscript": false
              },
              "value": "An open task"
            }
          ],
          "context": {
            "indentLevel": 1,
            "insideCallout": null,
            "insideFootnote": false,
            "insideQuote": false,
            "insideTableCell": false,
            "listPath": [
              {
                "instance": 3,
                "level": 0,
                "ordered": false,
                "spread": false,
                "start": 1
              }
            ]
          },
          "kind": "paragraph"
        }
      ],
      "checked": false,
      "context": {
        "indentLevel": 1,
        "insideCallout": null,
        "insideFootnote": false,
        "insideQuote": false,
        "insideTableCell": false,
        "listPath": [
          {
            "instance": 3,
            "level": 0,
            "ordered": false,
            "spread": false,
            "start": 1
          }
        ]
      },
      "frame": {
        "instance": 3,
        "level": 0,
        "ordered": false,
        "spread": false,
        "start": 1
      },
      "kind": "listItem"
    },
    {
      "align": null,
      "children": [
        {
          "kind": "text",
          "marks": {
            "bold": false,
            "code": false,
            "italic": false,
            "strike": false,
            "subscript": false,
            "superscript": false
          },
          "value": "An item carrying several blocks:"
        }
      ],
      "context": {
        "indentLevel": 0,
        "insideCallout": null,
        "insideFootnote": false,
        "insideQuote": false,
        "insideTableCell": false,
        "listPath": []
      },
      "kind": "paragraph"
    },
    {
      "blocks": [
        {
          "align": null,
          "children": [
            {
              "kind": "text",
              "marks": {
                "bold": false,
                "code": false,
                "italic": false,
                "strike": false,
                "subscript": false,
                "superscript": false
              },
              "value": "The first paragraph of the item."
            }
          ],
          "context": {
            "indentLevel": 1,
            "insideCallout": null,
            "insideFootnote": false,
            "insideQuote": false,
            "insideTableCell": false,
            "listPath": [
              {
                "instance": 4,
                "level": 0,
                "ordered": false,
                "spread": false,
                "start": 1
              }
            ]
          },
          "kind": "paragraph"
        },
        {
          "align": null,
          "children": [
            {
              "kind": "text",
              "marks": {
                "bold": false,
                "code": false,
                "italic": false,
                "strike": false,
                "subscript": false,
                "superscript": false
              },
              "value": "The second paragraph of the same item."
            }
          ],
          "context": {
            "indentLevel": 1,
            "insideCallout": null,
            "insideFootnote": false,
            "insideQuote": false,
            "insideTableCell": false,
            "listPath": [
              {
                "instance": 4,
                "level": 0,
                "ordered": false,
                "spread": false,
                "start": 1
              }
            ]
          },
          "kind": "paragraph"
        }
      ],
      "checked": null,
      "context": {
        "indentLevel": 1,
        "insideCallout": null,
        "insideFootnote": false,
        "insideQuote": false,
        "insideTableCell": false,
        "listPath": [
          {
            "instance": 4,
            "level": 0,
            "ordered": false,
            "spread": false,
            "start": 1
          }
        ]
      },
      "frame": {
        "instance": 4,
        "level": 0,
        "ordered": false,
        "spread": false,
        "start": 1
      },
      "kind": "listItem"
    },
    {
      "anchor": "code",
      "children": [
        {
          "kind": "text",
          "marks": {
            "bold": false,
            "code": false,
            "italic": false,
            "strike": false,
            "subscript": false,
            "superscript": false
          },
          "value": "Code"
        }
      ],
      "context": {
        "indentLevel": 0,
        "insideCallout": null,
        "insideFootnote": false,
        "insideQuote": false,
        "insideTableCell": false,
        "listPath": []
      },
      "kind": "heading",
      "level": 1,
      "plainText": "Code"
    },
    {
      "caption": null,
      "context": {
        "indentLevel": 0,
        "insideCallout": null,
        "insideFootnote": false,
        "insideQuote": false,
        "insideTableCell": false,
        "listPath": []
      },
      "kind": "code",
      "language": "typescript",
      "lines": [
        {
          "number": 1,
          "tokens": [
            {
              "scope": "keyword",
              "text": "export"
            },
            {
              "scope": "plain",
              "text": " "
            },
            {
              "scope": "keyword",
              "text": "const"
            },
            {
              "scope": "plain",
              "text": " "
            },
            {
              "scope": "function",
              "text": "greet"
            },
            {
              "scope": "plain",
              "text": " "
            },
            {
              "scope": "operator",
              "text": "="
            },
            {
              "scope": "punctuation",
              "text": " ("
            },
            {
              "scope": "variable",
              "text": "name"
            },
            {
              "scope": "operator",
              "text": ":"
            },
            {
              "scope": "plain",
              "text": " "
            },
            {
              "scope": "type",
              "text": "string"
            },
            {
              "scope": "punctuation",
              "text": ")"
            },
            {
              "scope": "operator",
              "text": ":"
            },
            {
              "scope": "plain",
              "text": " "
            },
            {
              "scope": "type",
              "text": "string"
            },
            {
              "scope": "plain",
              "text": " "
            },
            {
              "scope": "keyword",
              "text": "=>"
            },
            {
              "scope": "punctuation",
              "text": " {"
            }
          ]
        },
        {
          "number": 2,
          "tokens": [
            {
              "scope": "punctuation",
              "text": "  "
            },
            {
              "scope": "comment",
              "text": "// Return a greeting for the name."
            }
          ]
        },
        {
          "number": 3,
          "tokens": [
            {
              "scope": "plain",
              "text": "  "
            },
            {
              "scope": "keyword",
              "text": "return"
            },
            {
              "scope": "plain",
              "text": " "
            },
            {
              "scope": "punctuation",
              "text": "`hello, ${"
            },
            {
              "scope": "variable",
              "text": "name"
            },
            {
              "scope": "string",
              "text": "}`"
            },
            {
              "scope": "punctuation",
              "text": ";"
            }
          ]
        },
        {
          "number": 4,
          "tokens": [
            {
              "scope": "punctuation",
              "text": "};"
            }
          ]
        }
      ]
    },
    {
      "caption": null,
      "context": {
        "indentLevel": 0,
        "insideCallout": null,
        "insideFootnote": false,
        "insideQuote": false,
        "insideTableCell": false,
        "listPath": []
      },
      "kind": "code",
      "language": null,
      "lines": [
        {
          "number": 1,
          "tokens": [
            {
              "scope": "plain",
              "text": "plain text without a language"
            }
          ]
        },
        {
          "number": 2,
          "tokens": [
            {
              "scope": "plain",
              "text": "    indented line"
            }
          ]
        }
      ]
    },
    {
      "anchor": "tables",
      "children": [
        {
          "kind": "text",
          "marks": {
            "bold": false,
            "code": false,
            "italic": false,
            "strike": false,
            "subscript": false,
            "superscript": false
          },
          "value": "Tables"
        }
      ],
      "context": {
        "indentLevel": 0,
        "insideCallout": null,
        "insideFootnote": false,
        "insideQuote": false,
        "insideTableCell": false,
        "listPath": []
      },
      "kind": "heading",
      "level": 1,
      "plainText": "Tables"
    },
    {
      "caption": null,
      "columnAlign": [
        "left",
        "left",
        "right",
        "center"
      ],
      "columnWidths": [
        1061,
        6605,
        680,
        680
      ],
      "context": {
        "indentLevel": 0,
        "insideCallout": null,
        "insideFootnote": false,
        "insideQuote": false,
        "insideTableCell": false,
        "listPath": []
      },
      "header": {
        "cells": [
          {
            "align": "left",
            "blocks": [
              {
                "align": "left",
                "children": [
                  {
                    "kind": "text",
                    "marks": {
                      "bold": false,
                      "code": false,
                      "italic": false,
                      "strike": false,
                      "subscript": false,
                      "superscript": false
                    },
                    "value": "Reference"
                  }
                ],
                "context": {
                  "indentLevel": 0,
                  "insideCallout": null,
                  "insideFootnote": false,
                  "insideQuote": false,
                  "insideTableCell": true,
                  "listPath": []
                },
                "kind": "paragraph"
              }
            ]
          },
          {
            "align": "left",
            "blocks": [
              {
                "align": "left",
                "children": [
                  {
                    "kind": "text",
                    "marks": {
                      "bold": false,
                      "code": false,
                      "italic": false,
                      "strike": false,
                      "subscript": false,
                      "superscript": false
                    },
                    "value": "Description"
                  }
                ],
                "context": {
                  "indentLevel": 0,
                  "insideCallout": null,
                  "insideFootnote": false,
                  "insideQuote": false,
                  "insideTableCell": true,
                  "listPath": []
                },
                "kind": "paragraph"
              }
            ]
          },
          {
            "align": "right",
            "blocks": [
              {
                "align": "right",
                "children": [
                  {
                    "kind": "text",
                    "marks": {
                      "bold": false,
                      "code": false,
                      "italic": false,
                      "strike": false,
                      "subscript": false,
                      "superscript": false
                    },
                    "value": "Owner"
                  }
                ],
                "context": {
                  "indentLevel": 0,
                  "insideCallout": null,
                  "insideFootnote": false,
                  "insideQuote": false,
                  "insideTableCell": true,
                  "listPath": []
                },
                "kind": "paragraph"
              }
            ]
          },
          {
            "align": "center",
            "blocks": [
              {
                "align": "center",
                "children": [
                  {
                    "kind": "text",
                    "marks": {
                      "bold": false,
                      "code": false,
                      "italic": false,
                      "strike": false,
                      "subscript": false,
                      "superscript": false
                    },
                    "value": "Status"
                  }
                ],
                "context": {
                  "indentLevel": 0,
                  "insideCallout": null,
                  "insideFootnote": false,
                  "insideQuote": false,
                  "insideTableCell": true,
                  "listPath": []
                },
                "kind": "paragraph"
              }
            ]
          }
        ]
      },
      "kind": "table",
      "rows": [
        {
          "cells": [
            {
              "align": "left",
              "blocks": [
                {
                  "align": "left",
                  "children": [
                    {
                      "kind": "text",
                      "marks": {
                        "bold": false,
                        "code": false,
                        "italic": false,
                        "strike": false,
                        "subscript": false,
                        "superscript": false
                      },
                      "value": "R-1"
                    }
                  ],
                  "context": {
                    "indentLevel": 0,
                    "insideCallout": null,
                    "insideFootnote": false,
                    "insideQuote": false,
                    "insideTableCell": true,
                    "listPath": []
                  },
                  "kind": "paragraph"
                }
              ]
            },
            {
              "align": "left",
              "blocks": [
                {
                  "align": "left",
                  "children": [
                    {
                      "kind": "text",
                      "marks": {
                        "bold": false,
                        "code": false,
                        "italic": false,
                        "strike": false,
                        "subscript": false,
                        "superscript": false
                      },
                      "value": "A description that is long enough to need a wider column"
                    }
                  ],
                  "context": {
                    "indentLevel": 0,
                    "insideCallout": null,
                    "insideFootnote": false,
                    "insideQuote": false,
                    "insideTableCell": true,
                    "listPath": []
                  },
                  "kind": "paragraph"
                }
              ]
            },
            {
              "align": "right",
              "blocks": [
                {
                  "align": "right",
                  "children": [
                    {
                      "kind": "text",
                      "marks": {
                        "bold": false,
                        "code": false,
                        "italic": false,
                        "strike": false,
                        "subscript": false,
                        "superscript": false
                      },
                      "value": "Ada"
                    }
                  ],
                  "context": {
                    "indentLevel": 0,
                    "insideCallout": null,
                    "insideFootnote": false,
                    "insideQuote": false,
                    "insideTableCell": true,
                    "listPath": []
                  },
                  "kind": "paragraph"
                }
              ]
            },
            {
              "align": "center",
              "blocks": [
                {
                  "align": "center",
                  "children": [
                    {
                      "kind": "text",
                      "marks": {
                        "bold": false,
                        "code": false,
                        "italic": false,
                        "strike": false,
                        "subscript": false,
                        "superscript": false
                      },
                      "value": "Open"
                    }
                  ],
                  "context": {
                    "indentLevel": 0,
                    "insideCallout": null,
                    "insideFootnote": false,
                    "insideQuote": false,
                    "insideTableCell": true,
                    "listPath": []
                  },
                  "kind": "paragraph"
                }
              ]
            }
          ]
        },
        {
          "cells": [
            {
              "align": "left",
              "blocks": [
                {
                  "align": "left",
                  "children": [
                    {
                      "kind": "text",
                      "marks": {
                        "bold": false,
                        "code": false,
                        "italic": false,
                        "strike": false,
                        "subscript": false,
                        "superscript": false
                      },
                      "value": "R-2"
                    }
                  ],
                  "context": {
                    "indentLevel": 0,
                    "insideCallout": null,
                    "insideFootnote": false,
                    "insideQuote": false,
                    "insideTableCell": true,
                    "listPath": []
                  },
                  "kind": "paragraph"
                }
              ]
            },
            {
              "align": "left",
              "blocks": [
                {
                  "align": "left",
                  "children": [
                    {
                      "kind": "text",
                      "marks": {
                        "bold": false,
                        "code": false,
                        "italic": false,
                        "strike": false,
                        "subscript": false,
                        "superscript": false
                      },
                      "value": "Short"
                    }
                  ],
                  "context": {
                    "indentLevel": 0,
                    "insideCallout": null,
                    "insideFootnote": false,
                    "insideQuote": false,
                    "insideTableCell": true,
                    "listPath": []
                  },
                  "kind": "paragraph"
                }
              ]
            },
            {
              "align": "right",
              "blocks": [
                {
                  "align": "right",
                  "children": [
                    {
                      "kind": "text",
                      "marks": {
                        "bold": false,
                        "code": false,
                        "italic": false,
                        "strike": false,
                        "subscript": false,
                        "superscript": false
                      },
                      "value": "Grace"
                    }
                  ],
                  "context": {
                    "indentLevel": 0,
                    "insideCallout": null,
                    "insideFootnote": false,
                    "insideQuote": false,
                    "insideTableCell": true,
                    "listPath": []
                  },
                  "kind": "paragraph"
                }
              ]
            },
            {
              "align": "center",
              "blocks": [
                {
                  "align": "center",
                  "children": [
                    {
                      "kind": "text",
                      "marks": {
                        "bold": false,
                        "code": false,
                        "italic": false,
                        "strike": false,
                        "subscript": false,
                        "superscript": false
                      },
                      "value": "Done"
                    }
                  ],
                  "context": {
                    "indentLevel": 0,
                    "insideCallout": null,
                    "insideFootnote": false,
                    "insideQuote": false,
                    "insideTableCell": true,
                    "listPath": []
                  },
                  "kind": "paragraph"
                }
              ]
            }
          ]
        }
      ],
      "sequence": 1
    },
    {
      "anchor": "figures",
      "children": [
        {
          "kind": "text",
          "marks": {
            "bold": false,
            "code": false,
            "italic": false,
            "strike": false,
            "subscript": false,
            "superscript": false
          },
          "value": "Figures"
        }
      ],
      "context": {
        "indentLevel": 0,
        "insideCallout": null,
        "insideFootnote": false,
        "insideQuote": false,
        "insideTableCell": false,
        "listPath": []
      },
      "kind": "heading",
      "level": 1,
      "plainText": "Figures"
    },
    {
      "asset": {
        "data": {
          "byteLength": 1286,
          "digest": "63e47fc37ef58252d8c0f7f6be6c1c296f673d2ebf7d84fdfe178902364bd1d8"
        },
        "encoding": "png",
        "intrinsic": {
          "height": 180,
          "width": 320
        },
        "rendered": {
          "height": 180,
          "width": 320
        },
        "sourceKey": "diagram.png"
      },
      "caption": "A raster diagram",
      "context": {
        "indentLevel": 0,
        "insideCallout": null,
        "insideFootnote": false,
        "insideQuote": false,
        "insideTableCell": false,
        "listPath": []
      },
      "kind": "figure",
      "sequence": 1,
      "widthRatio": 1
    },
    {
      "asset": {
        "data": {
          "byteLength": 0,
          "digest": "rasterised-vector-asset"
        },
        "encoding": "png",
        "intrinsic": {
          "height": 362,
          "width": 723
        },
        "rendered": {
          "height": 181,
          "width": 361
        },
        "sourceKey": "diagram.svg"
      },
      "caption": "A rasterised vector diagram",
      "context": {
        "indentLevel": 0,
        "insideCallout": null,
        "insideFootnote": false,
        "insideQuote": false,
        "insideTableCell": false,
        "listPath": []
      },
      "kind": "figure",
      "sequence": 2,
      "widthRatio": 0.6
    },
    {
      "align": null,
      "children": [
        {
          "kind": "text",
          "marks": {
            "bold": false,
            "code": false,
            "italic": false,
            "strike": false,
            "subscript": false,
            "superscript": false
          },
          "value": "An inline image "
        },
        {
          "alternativeText": "a diagram",
          "asset": {
            "data": {
              "byteLength": 1286,
              "digest": "63e47fc37ef58252d8c0f7f6be6c1c296f673d2ebf7d84fdfe178902364bd1d8"
            },
            "encoding": "png",
            "intrinsic": {
              "height": 180,
              "width": 320
            },
            "rendered": {
              "height": 180,
              "width": 320
            },
            "sourceKey": "diagram.png"
          },
          "kind": "image"
        },
        {
          "kind": "text",
          "marks": {
            "bold": false,
            "code": false,
            "italic": false,
            "strike": false,
            "subscript": false,
            "superscript": false
          },
          "value": " inside a sentence."
        }
      ],
      "context": {
        "indentLevel": 0,
        "insideCallout": null,
        "insideFootnote": false,
        "insideQuote": false,
        "insideTableCell": false,
        "listPath": []
      },
      "kind": "paragraph"
    },
    {
      "anchor": "callouts",
      "children": [
        {
          "kind": "text",
          "marks": {
            "bold": false,
            "code": false,
            "italic": false,
            "strike": false,
            "subscript": false,
            "superscript": false
          },
          "value": "Callouts"
        }
      ],
      "context": {
        "indentLevel": 0,
        "insideCallout": null,
        "insideFootnote": false,
        "insideQuote": false,
        "insideTableCell": false,
        "listPath": []
      },
      "kind": "heading",
      "level": 1,
      "plainText": "Callouts"
    },
    {
      "blocks": [
        {
          "align": null,
          "children": [
            {
              "kind": "text",
              "marks": {
                "bold": false,
                "code": false,
                "italic": false,
                "strike": false,
                "subscript": false,
                "superscript": false
              },
              "value": "An informative callout."
            }
          ],
          "context": {
            "indentLevel": 0,
            "insideCallout": "info",
            "insideFootnote": false,
            "insideQuote": false,
            "insideTableCell": false,
            "listPath": []
          },
          "kind": "paragraph"
        }
      ],
      "context": {
        "indentLevel": 0,
        "insideCallout": null,
        "insideFootnote": false,
        "insideQuote": false,
        "insideTableCell": false,
        "listPath": []
      },
      "kind": "callout",
      "title": "For information",
      "variant": "info"
    },
    {
      "blocks": [
        {
          "align": null,
          "children": [
            {
              "kind": "text",
              "marks": {
                "bold": false,
                "code": false,
                "italic": false,
                "strike": false,
                "subscript": false,
                "superscript": false
              },
              "value": "A warning callout."
            }
          ],
          "context": {
            "indentLevel": 0,
            "insideCallout": "warning",
            "insideFootnote": false,
            "insideQuote": false,
            "insideTableCell": false,
            "listPath": []
          },
          "kind": "paragraph"
        }
      ],
      "context": {
        "indentLevel": 0,
        "insideCallout": null,
        "insideFootnote": false,
        "insideQuote": false,
        "insideTableCell": false,
        "listPath": []
      },
      "kind": "callout",
      "title": null,
      "variant": "warning"
    },
    {
      "blocks": [
        {
          "align": null,
          "children": [
            {
              "kind": "text",
              "marks": {
                "bold": false,
                "code": false,
                "italic": false,
                "strike": false,
                "subscript": false,
                "superscript": false
              },
              "value": "A dangerous callout."
            }
          ],
          "context": {
            "indentLevel": 0,
            "insideCallout": "danger",
            "insideFootnote": false,
            "insideQuote": false,
            "insideTableCell": false,
            "listPath": []
          },
          "kind": "paragraph"
        }
      ],
      "context": {
        "indentLevel": 0,
        "insideCallout": null,
        "insideFootnote": false,
        "insideQuote": false,
        "insideTableCell": false,
        "listPath": []
      },
      "kind": "callout",
      "title": null,
      "variant": "danger"
    },
    {
      "blocks": [
        {
          "align": null,
          "children": [
            {
              "kind": "text",
              "marks": {
                "bold": false,
                "code": false,
                "italic": false,
                "strike": false,
                "subscript": false,
                "superscript": false
              },
              "value": "A successful callout."
            }
          ],
          "context": {
            "indentLevel": 0,
            "insideCallout": "success",
            "insideFootnote": false,
            "insideQuote": false,
            "insideTableCell": false,
            "listPath": []
          },
          "kind": "paragraph"
        }
      ],
      "context": {
        "indentLevel": 0,
        "insideCallout": null,
        "insideFootnote": false,
        "insideQuote": false,
        "insideTableCell": false,
        "listPath": []
      },
      "kind": "callout",
      "title": null,
      "variant": "success"
    },
    {
      "blocks": [
        {
          "align": null,
          "children": [
            {
              "kind": "text",
              "marks": {
                "bold": false,
                "code": false,
                "italic": false,
                "strike": false,
                "subscript": false,
                "superscript": false
              },
              "value": "A note callout."
            }
          ],
          "context": {
            "indentLevel": 0,
            "insideCallout": "note",
            "insideFootnote": false,
            "insideQuote": false,
            "insideTableCell": false,
            "listPath": []
          },
          "kind": "paragraph"
        }
      ],
      "context": {
        "indentLevel": 0,
        "insideCallout": null,
        "insideFootnote": false,
        "insideQuote": false,
        "insideTableCell": false,
        "listPath": []
      },
      "kind": "callout",
      "title": null,
      "variant": "note"
    },
    {
      "anchor": "sections",
      "children": [
        {
          "kind": "text",
          "marks": {
            "bold": false,
            "code": false,
            "italic": false,
            "strike": false,
            "subscript": false,
            "superscript": false
          },
          "value": "Sections"
        }
      ],
      "context": {
        "indentLevel": 0,
        "insideCallout": null,
        "insideFootnote": false,
        "insideQuote": false,
        "insideTableCell": false,
        "listPath": []
      },
      "kind": "heading",
      "level": 1,
      "plainText": "Sections"
    },
    {
      "context": {
        "indentLevel": 0,
        "insideCallout": null,
        "insideFootnote": false,
        "insideQuote": false,
        "insideTableCell": false,
        "listPath": []
      },
      "kind": "pageBreak"
    },
    {
      "context": {
        "indentLevel": 0,
        "insideCallout": null,
        "insideFootnote": false,
        "insideQuote": false,
        "insideTableCell": false,
        "listPath": []
      },
      "kind": "sectionStart",
      "section": {
        "columnCount": null,
        "orientation": "landscape"
      }
    },
    {
      "align": null,
      "children": [
        {
          "kind": "text",
          "marks": {
            "bold": false,
            "code": false,
            "italic": false,
            "strike": false,
            "subscript": false,
            "superscript": false
          },
          "value": "A paragraph that needs the wider page."
        }
      ],
      "context": {
        "indentLevel": 0,
        "insideCallout": null,
        "insideFootnote": false,
        "insideQuote": false,
        "insideTableCell": false,
        "listPath": []
      },
      "kind": "paragraph"
    },
    {
      "context": {
        "indentLevel": 0,
        "insideCallout": null,
        "insideFootnote": false,
        "insideQuote": false,
        "insideTableCell": false,
        "listPath": []
      },
      "kind": "sectionStart",
      "section": {
        "columnCount": null,
        "orientation": null
      }
    },
    {
      "context": {
        "indentLevel": 0,
        "insideCallout": null,
        "insideFootnote": false,
        "insideQuote": false,
        "insideTableCell": false,
        "listPath": []
      },
      "kind": "sectionStart",
      "section": {
        "columnCount": 2,
        "orientation": null
      }
    },
    {
      "align": null,
      "children": [
        {
          "kind": "text",
          "marks": {
            "bold": false,
            "code": false,
            "italic": false,
            "strike": false,
            "subscript": false,
            "superscript": false
          },
          "value": "The first paragraph of the two column section."
        }
      ],
      "context": {
        "indentLevel": 0,
        "insideCallout": null,
        "insideFootnote": false,
        "insideQuote": false,
        "insideTableCell": false,
        "listPath": []
      },
      "kind": "paragraph"
    },
    {
      "align": null,
      "children": [
        {
          "kind": "text",
          "marks": {
            "bold": false,
            "code": false,
            "italic": false,
            "strike": false,
            "subscript": false,
            "superscript": false
          },
          "value": "The second paragraph of the two column section."
        }
      ],
      "context": {
        "indentLevel": 0,
        "insideCallout": null,
        "insideFootnote": false,
        "insideQuote": false,
        "insideTableCell": false,
        "listPath": []
      },
      "kind": "paragraph"
    },
    {
      "context": {
        "indentLevel": 0,
        "insideCallout": null,
        "insideFootnote": false,
        "insideQuote": false,
        "insideTableCell": false,
        "listPath": []
      },
      "kind": "sectionStart",
      "section": {
        "columnCount": null,
        "orientation": null
      }
    },
    {
      "anchor": "notes",
      "children": [
        {
          "kind": "text",
          "marks": {
            "bold": false,
            "code": false,
            "italic": false,
            "strike": false,
            "subscript": false,
            "superscript": false
          },
          "value": "Notes"
        }
      ],
      "context": {
        "indentLevel": 0,
        "insideCallout": null,
        "insideFootnote": false,
        "insideQuote": false,
        "insideTableCell": false,
        "listPath": []
      },
      "kind": "heading",
      "level": 1,
      "plainText": "Notes"
    },
    {
      "align": null,
      "children": [
        {
          "kind": "text",
          "marks": {
            "bold": false,
            "code": false,
            "italic": false,
            "strike": false,
            "subscript": false,
            "superscript": false
          },
          "value": "A sentence with a first note"
        },
        {
          "id": 1,
          "kind": "footnoteReference"
        },
        {
          "kind": "text",
          "marks": {
            "bold": false,
            "code": false,
            "italic": false,
            "strike": false,
            "subscript": false,
            "superscript": false
          },
          "value": " and a second note"
        },
        {
          "id": 2,
          "kind": "footnoteReference"
        },
        {
          "kind": "text",
          "marks": {
            "bold": false,
            "code": false,
            "italic": false,
            "strike": false,
            "subscript": false,
            "superscript": false
          },
          "value": ", then the first again"
        },
        {
          "id": 1,
          "kind": "footnoteReference"
        },
        {
          "kind": "text",
          "marks": {
            "bold": false,
            "code": false,
            "italic": false,
            "strike": false,
            "subscript": false,
            "superscript": false
          },
          "value": "."
        }
      ],
      "context": {
        "indentLevel": 0,
        "insideCallout": null,
        "insideFootnote": false,
        "insideQuote": false,
        "insideTableCell": false,
        "listPath": []
      },
      "kind": "paragraph"
    },
    {
      "anchor": "characters",
      "children": [
        {
          "kind": "text",
          "marks": {
            "bold": false,
            "code": false,
            "italic": false,
            "strike": false,
            "subscript": false,
            "superscript": false
          },
          "value": "Characters"
        }
      ],
      "context": {
        "indentLevel": 0,
        "insideCallout": null,
        "insideFootnote": false,
        "insideQuote": false,
        "insideTableCell": false,
        "listPath": []
      },
      "kind": "heading",
      "level": 1,
      "plainText": "Characters"
    },
    {
      "align": null,
      "children": [
        {
          "kind": "text",
          "marks": {
            "bold": false,
            "code": false,
            "italic": false,
            "strike": false,
            "subscript": false,
            "superscript": false
          },
          "value": "Angle brackets a < b, an ampersand in Smith & Sons, \"double quotes\" and 'single quotes'."
        }
      ],
      "context": {
        "indentLevel": 0,
        "insideCallout": null,
        "insideFootnote": false,
        "insideQuote": false,
        "insideTableCell": false,
        "listPath": []
      },
      "kind": "paragraph"
    },
    {
      "align": null,
      "children": [
        {
          "kind": "text",
          "marks": {
            "bold": false,
            "code": false,
            "italic": false,
            "strike": false,
            "subscript": false,
            "superscript": false
          },
          "value": "Latin accents, Greek and CJK: éè αβγ 你好"
        }
      ],
      "context": {
        "indentLevel": 0,
        "insideCallout": null,
        "insideFootnote": false,
        "insideQuote": false,
        "insideTableCell": false,
        "listPath": []
      },
      "kind": "paragraph"
    },
    {
      "context": {
        "indentLevel": 0,
        "insideCallout": null,
        "insideFootnote": false,
        "insideQuote": false,
        "insideTableCell": false,
        "listPath": []
      },
      "kind": "thematicBreak"
    },
    {
      "align": null,
      "children": [
        {
          "kind": "text",
          "marks": {
            "bold": false,
            "code": false,
            "italic": false,
            "strike": false,
            "subscript": false,
            "superscript": false
          },
          "value": "The final paragraph after a thematic break."
        }
      ],
      "context": {
        "indentLevel": 0,
        "insideCallout": null,
        "insideFootnote": false,
        "insideQuote": false,
        "insideTableCell": false,
        "listPath": []
      },
      "kind": "paragraph"
    }
  ]
}
