{
  "formatVersion": 1,
  "meta": {
    "authors": [],
    "custom": {},
    "keywords": [],
    "language": "en"
  },
  "stats": {
    "codeBlocks": 0,
    "headings": 3,
    "images": 0,
    "tables": 0,
    "words": 17
  },
  "anchors": [
    [
      "conclusion",
      "Conclusion"
    ],
    [
      "introduction",
      "Introduction"
    ],
    [
      "method",
      "Method"
    ]
  ],
  "assets": [],
  "footnotes": [],
  "blocks": [
    {
      "anchor": "introduction",
      "children": [
        {
          "kind": "text",
          "marks": {
            "bold": false,
            "code": false,
            "italic": false,
            "strike": false,
            "subscript": false,
            "superscript": false
          },
          "value": "Introduction"
        }
      ],
      "context": {
        "indentLevel": 0,
        "insideCallout": null,
        "insideFootnote": false,
        "insideQuote": false,
        "insideTableCell": false,
        "listPath": []
      },
      "kind": "heading",
      "level": 1,
      "plainText": "Introduction"
    },
    {
      "align": null,
      "children": [
        {
          "kind": "text",
          "marks": {
            "bold": false,
            "code": false,
            "italic": false,
            "strike": false,
            "subscript": false,
            "superscript": false
          },
          "value": "Jump to the "
        },
        {
          "children": [
            {
              "kind": "text",
              "marks": {
                "bold": false,
                "code": false,
                "italic": false,
                "strike": false,
                "subscript": false,
                "superscript": false
              },
              "value": "conclusion"
            }
          ],
          "internal": true,
          "kind": "link",
          "title": null,
          "url": "#conclusion"
        },
        {
          "kind": "text",
          "marks": {
            "bold": false,
            "code": false,
            "italic": false,
            "strike": false,
            "subscript": false,
            "superscript": false
          },
          "value": " from here."
        }
      ],
      "context": {
        "indentLevel": 0,
        "insideCallout": null,
        "insideFootnote": false,
        "insideQuote": false,
        "insideTableCell": false,
        "listPath": []
      },
      "kind": "paragraph"
    },
    {
      "anchor": "method",
      "children": [
        {
          "kind": "text",
          "marks": {
            "bold": false,
            "code": false,
            "italic": false,
            "strike": false,
            "subscript": false,
            "superscript": false
          },
          "value": "Method"
        }
      ],
      "context": {
        "indentLevel": 0,
        "insideCallout": null,
        "insideFootnote": false,
        "insideQuote": false,
        "insideTableCell": false,
        "listPath": []
      },
      "kind": "heading",
      "level": 2,
      "plainText": "Method"
    },
    {
      "align": null,
      "children": [
        {
          "kind": "text",
          "marks": {
            "bold": false,
            "code": false,
            "italic": false,
            "strike": false,
            "subscript": false,
            "superscript": false
          },
          "value": "Back to the "
        },
        {
          "children": [
            {
              "kind": "text",
              "marks": {
                "bold": false,
                "code": false,
                "italic": false,
                "strike": false,
                "subscript": false,
                "superscript": false
              },
              "value": "introduction"
            }
          ],
          "internal": true,
          "kind": "link",
          "title": null,
          "url": "#introduction"
        },
        {
          "kind": "text",
          "marks": {
            "bold": false,
            "code": false,
            "italic": false,
            "strike": false,
            "subscript": false,
            "superscript": false
          },
          "value": "."
        }
      ],
      "context": {
        "indentLevel": 0,
        "insideCallout": null,
        "insideFootnote": false,
        "insideQuote": false,
        "insideTableCell": false,
        "listPath": []
      },
      "kind": "paragraph"
    },
    {
      "anchor": "conclusion",
      "children": [
        {
          "kind": "text",
          "marks": {
            "bold": false,
            "code": false,
            "italic": false,
            "strike": false,
            "subscript": false,
            "superscript": false
          },
          "value": "Conclusion"
        }
      ],
      "context": {
        "indentLevel": 0,
        "insideCallout": null,
        "insideFootnote": false,
        "insideQuote": false,
        "insideTableCell": false,
        "listPath": []
      },
      "kind": "heading",
      "level": 1,
      "plainText": "Conclusion"
    },
    {
      "align": null,
      "children": [
        {
          "kind": "text",
          "marks": {
            "bold": false,
            "code": false,
            "italic": false,
            "strike": false,
            "subscript": false,
            "superscript": false
          },
          "value": "Return to the "
        },
        {
          "children": [
            {
              "kind": "text",
              "marks": {
                "bold": false,
                "code": false,
                "italic": false,
                "strike": false,
                "subscript": false,
                "superscript": false
              },
              "value": "method"
            }
          ],
          "internal": true,
          "kind": "link",
          "title": null,
          "url": "#method"
        },
        {
          "kind": "text",
          "marks": {
            "bold": false,
            "code": false,
            "italic": false,
            "strike": false,
            "subscript": false,
            "superscript": false
          },
          "value": "."
        }
      ],
      "context": {
        "indentLevel": 0,
        "insideCallout": null,
        "insideFootnote": false,
        "insideQuote": false,
        "insideTableCell": false,
        "listPath": []
      },
      "kind": "paragraph"
    }
  ]
}
