{
  "formatVersion": 1,
  "meta": {
    "authors": [],
    "custom": {},
    "keywords": [],
    "language": "en"
  },
  "stats": {
    "codeBlocks": 0,
    "headings": 0,
    "images": 0,
    "tables": 0,
    "words": 26
  },
  "anchors": [],
  "assets": [],
  "footnotes": [],
  "blocks": [
    {
      "blocks": [
        {
          "align": null,
          "children": [
            {
              "kind": "text",
              "marks": {
                "bold": false,
                "code": false,
                "italic": false,
                "strike": false,
                "subscript": false,
                "superscript": false
              },
              "value": "Ordered parent"
            }
          ],
          "context": {
            "indentLevel": 1,
            "insideCallout": null,
            "insideFootnote": false,
            "insideQuote": false,
            "insideTableCell": false,
            "listPath": [
              {
                "instance": 1,
                "level": 0,
                "ordered": true,
                "spread": false,
                "start": 1
              }
            ]
          },
          "kind": "paragraph"
        }
      ],
      "checked": null,
      "context": {
        "indentLevel": 1,
        "insideCallout": null,
        "insideFootnote": false,
        "insideQuote": false,
        "insideTableCell": false,
        "listPath": [
          {
            "instance": 1,
            "level": 0,
            "ordered": true,
            "spread": false,
            "start": 1
          }
        ]
      },
      "frame": {
        "instance": 1,
        "level": 0,
        "ordered": true,
        "spread": false,
        "start": 1
      },
      "kind": "listItem"
    },
    {
      "blocks": [
        {
          "align": null,
          "children": [
            {
              "kind": "text",
              "marks": {
                "bold": false,
                "code": false,
                "italic": false,
                "strike": false,
                "subscript": false,
                "superscript": false
              },
              "value": "Unordered child"
            }
          ],
          "context": {
            "indentLevel": 2,
            "insideCallout": null,
            "insideFootnote": false,
            "insideQuote": false,
            "insideTableCell": false,
            "listPath": [
              {
                "instance": 1,
                "level": 0,
                "ordered": true,
                "spread": false,
                "start": 1
              },
              {
                "instance": 1,
                "level": 1,
                "ordered": false,
                "spread": false,
                "start": 1
              }
            ]
          },
          "kind": "paragraph"
        }
      ],
      "checked": null,
      "context": {
        "indentLevel": 2,
        "insideCallout": null,
        "insideFootnote": false,
        "insideQuote": false,
        "insideTableCell": false,
        "listPath": [
          {
            "instance": 1,
            "level": 0,
            "ordered": true,
            "spread": false,
            "start": 1
          },
          {
            "instance": 1,
            "level": 1,
            "ordered": false,
            "spread": false,
            "start": 1
          }
        ]
      },
      "frame": {
        "instance": 1,
        "level": 1,
        "ordered": false,
        "spread": false,
        "start": 1
      },
      "kind": "listItem"
    },
    {
      "blocks": [
        {
          "align": null,
          "children": [
            {
              "kind": "text",
              "marks": {
                "bold": false,
                "code": false,
                "italic": false,
                "strike": false,
                "subscript": false,
                "superscript": false
              },
              "value": "Another unordered child"
            }
          ],
          "context": {
            "indentLevel": 2,
            "insideCallout": null,
            "insideFootnote": false,
            "insideQuote": false,
            "insideTableCell": false,
            "listPath": [
              {
                "instance": 1,
                "level": 0,
                "ordered": true,
                "spread": false,
                "start": 1
              },
              {
                "instance": 1,
                "level": 1,
                "ordered": false,
                "spread": false,
                "start": 1
              }
            ]
          },
          "kind": "paragraph"
        }
      ],
      "checked": null,
      "context": {
        "indentLevel": 2,
        "insideCallout": null,
        "insideFootnote": false,
        "insideQuote": false,
        "insideTableCell": false,
        "listPath": [
          {
            "instance": 1,
            "level": 0,
            "ordered": true,
            "spread": false,
            "start": 1
          },
          {
            "instance": 1,
            "level": 1,
            "ordered": false,
            "spread": false,
            "start": 1
          }
        ]
      },
      "frame": {
        "instance": 1,
        "level": 1,
        "ordered": false,
        "spread": false,
        "start": 1
      },
      "kind": "listItem"
    },
    {
      "blocks": [
        {
          "align": null,
          "children": [
            {
              "kind": "text",
              "marks": {
                "bold": false,
                "code": false,
                "italic": false,
                "strike": false,
                "subscript": false,
                "superscript": false
              },
              "value": "Ordered grandchild"
            }
          ],
          "context": {
            "indentLevel": 3,
            "insideCallout": null,
            "insideFootnote": false,
            "insideQuote": false,
            "insideTableCell": false,
            "listPath": [
              {
                "instance": 1,
                "level": 0,
                "ordered": true,
                "spread": false,
                "start": 1
              },
              {
                "instance": 1,
                "level": 1,
                "ordered": false,
                "spread": false,
                "start": 1
              },
              {
                "instance": 1,
                "level": 2,
                "ordered": true,
                "spread": false,
                "start": 1
              }
            ]
          },
          "kind": "paragraph"
        }
      ],
      "checked": null,
      "context": {
        "indentLevel": 3,
        "insideCallout": null,
        "insideFootnote": false,
        "insideQuote": false,
        "insideTableCell": false,
        "listPath": [
          {
            "instance": 1,
            "level": 0,
            "ordered": true,
            "spread": false,
            "start": 1
          },
          {
            "instance": 1,
            "level": 1,
            "ordered": false,
            "spread": false,
            "start": 1
          },
          {
            "instance": 1,
            "level": 2,
            "ordered": true,
            "spread": false,
            "start": 1
          }
        ]
      },
      "frame": {
        "instance": 1,
        "level": 2,
        "ordered": true,
        "spread": false,
        "start": 1
      },
      "kind": "listItem"
    },
    {
      "blocks": [
        {
          "align": null,
          "children": [
            {
              "kind": "text",
              "marks": {
                "bold": false,
                "code": false,
                "italic": false,
                "strike": false,
                "subscript": false,
                "superscript": false
              },
              "value": "Second ordered grandchild"
            }
          ],
          "context": {
            "indentLevel": 3,
            "insideCallout": null,
            "insideFootnote": false,
            "insideQuote": false,
            "insideTableCell": false,
            "listPath": [
              {
                "instance": 1,
                "level": 0,
                "ordered": true,
                "spread": false,
                "start": 1
              },
              {
                "instance": 1,
                "level": 1,
                "ordered": false,
                "spread": false,
                "start": 1
              },
              {
                "instance": 1,
                "level": 2,
                "ordered": true,
                "spread": false,
                "start": 1
              }
            ]
          },
          "kind": "paragraph"
        }
      ],
      "checked": null,
      "context": {
        "indentLevel": 3,
        "insideCallout": null,
        "insideFootnote": false,
        "insideQuote": false,
        "insideTableCell": false,
        "listPath": [
          {
            "instance": 1,
            "level": 0,
            "ordered": true,
            "spread": false,
            "start": 1
          },
          {
            "instance": 1,
            "level": 1,
            "ordered": false,
            "spread": false,
            "start": 1
          },
          {
            "instance": 1,
            "level": 2,
            "ordered": true,
            "spread": false,
            "start": 1
          }
        ]
      },
      "frame": {
        "instance": 1,
        "level": 2,
        "ordered": true,
        "spread": false,
        "start": 1
      },
      "kind": "listItem"
    },
    {
      "blocks": [
        {
          "align": null,
          "children": [
            {
              "kind": "text",
              "marks": {
                "bold": false,
                "code": false,
                "italic": false,
                "strike": false,
                "subscript": false,
                "superscript": false
              },
              "value": "Second ordered parent"
            }
          ],
          "context": {
            "indentLevel": 1,
            "insideCallout": null,
            "insideFootnote": false,
            "insideQuote": false,
            "insideTableCell": false,
            "listPath": [
              {
                "instance": 1,
                "level": 0,
                "ordered": true,
                "spread": false,
                "start": 1
              }
            ]
          },
          "kind": "paragraph"
        }
      ],
      "checked": null,
      "context": {
        "indentLevel": 1,
        "insideCallout": null,
        "insideFootnote": false,
        "insideQuote": false,
        "insideTableCell": false,
        "listPath": [
          {
            "instance": 1,
            "level": 0,
            "ordered": true,
            "spread": false,
            "start": 1
          }
        ]
      },
      "frame": {
        "instance": 1,
        "level": 0,
        "ordered": true,
        "spread": false,
        "start": 1
      },
      "kind": "listItem"
    },
    {
      "blocks": [
        {
          "align": null,
          "children": [
            {
              "kind": "text",
              "marks": {
                "bold": false,
                "code": false,
                "italic": false,
                "strike": false,
                "subscript": false,
                "superscript": false
              },
              "value": "Child of the second"
            }
          ],
          "context": {
            "indentLevel": 2,
            "insideCallout": null,
            "insideFootnote": false,
            "insideQuote": false,
            "insideTableCell": false,
            "listPath": [
              {
                "instance": 1,
                "level": 0,
                "ordered": true,
                "spread": false,
                "start": 1
              },
              {
                "instance": 1,
                "level": 1,
                "ordered": false,
                "spread": false,
                "start": 1
              }
            ]
          },
          "kind": "paragraph"
        }
      ],
      "checked": null,
      "context": {
        "indentLevel": 2,
        "insideCallout": null,
        "insideFootnote": false,
        "insideQuote": false,
        "insideTableCell": false,
        "listPath": [
          {
            "instance": 1,
            "level": 0,
            "ordered": true,
            "spread": false,
            "start": 1
          },
          {
            "instance": 1,
            "level": 1,
            "ordered": false,
            "spread": false,
            "start": 1
          }
        ]
      },
      "frame": {
        "instance": 1,
        "level": 1,
        "ordered": false,
        "spread": false,
        "start": 1
      },
      "kind": "listItem"
    },
    {
      "blocks": [
        {
          "align": null,
          "children": [
            {
              "kind": "text",
              "marks": {
                "bold": false,
                "code": false,
                "italic": false,
                "strike": false,
                "subscript": false,
                "superscript": false
              },
              "value": "Unordered root"
            }
          ],
          "context": {
            "indentLevel": 1,
            "insideCallout": null,
            "insideFootnote": false,
            "insideQuote": false,
            "insideTableCell": false,
            "listPath": [
              {
                "instance": 2,
                "level": 0,
                "ordered": false,
                "spread": false,
                "start": 1
              }
            ]
          },
          "kind": "paragraph"
        }
      ],
      "checked": null,
      "context": {
        "indentLevel": 1,
        "insideCallout": null,
        "insideFootnote": false,
        "insideQuote": false,
        "insideTableCell": false,
        "listPath": [
          {
            "instance": 2,
            "level": 0,
            "ordered": false,
            "spread": false,
            "start": 1
          }
        ]
      },
      "frame": {
        "instance": 2,
        "level": 0,
        "ordered": false,
        "spread": false,
        "start": 1
      },
      "kind": "listItem"
    },
    {
      "blocks": [
        {
          "align": null,
          "children": [
            {
              "kind": "text",
              "marks": {
                "bold": false,
                "code": false,
                "italic": false,
                "strike": false,
                "subscript": false,
                "superscript": false
              },
              "value": "Ordered child"
            }
          ],
          "context": {
            "indentLevel": 2,
            "insideCallout": null,
            "insideFootnote": false,
            "insideQuote": false,
            "insideTableCell": false,
            "listPath": [
              {
                "instance": 2,
                "level": 0,
                "ordered": false,
                "spread": false,
                "start": 1
              },
              {
                "instance": 2,
                "level": 1,
                "ordered": true,
                "spread": false,
                "start": 1
              }
            ]
          },
          "kind": "paragraph"
        }
      ],
      "checked": null,
      "context": {
        "indentLevel": 2,
        "insideCallout": null,
        "insideFootnote": false,
        "insideQuote": false,
        "insideTableCell": false,
        "listPath": [
          {
            "instance": 2,
            "level": 0,
            "ordered": false,
            "spread": false,
            "start": 1
          },
          {
            "instance": 2,
            "level": 1,
            "ordered": true,
            "spread": false,
            "start": 1
          }
        ]
      },
      "frame": {
        "instance": 2,
        "level": 1,
        "ordered": true,
        "spread": false,
        "start": 1
      },
      "kind": "listItem"
    },
    {
      "blocks": [
        {
          "align": null,
          "children": [
            {
              "kind": "text",
              "marks": {
                "bold": false,
                "code": false,
                "italic": false,
                "strike": false,
                "subscript": false,
                "superscript": false
              },
              "value": "Second ordered child"
            }
          ],
          "context": {
            "indentLevel": 2,
            "insideCallout": null,
            "insideFootnote": false,
            "insideQuote": false,
            "insideTableCell": false,
            "listPath": [
              {
                "instance": 2,
                "level": 0,
                "ordered": false,
                "spread": false,
                "start": 1
              },
              {
                "instance": 2,
                "level": 1,
                "ordered": true,
                "spread": false,
                "start": 1
              }
            ]
          },
          "kind": "paragraph"
        }
      ],
      "checked": null,
      "context": {
        "indentLevel": 2,
        "insideCallout": null,
        "insideFootnote": false,
        "insideQuote": false,
        "insideTableCell": false,
        "listPath": [
          {
            "instance": 2,
            "level": 0,
            "ordered": false,
            "spread": false,
            "start": 1
          },
          {
            "instance": 2,
            "level": 1,
            "ordered": true,
            "spread": false,
            "start": 1
          }
        ]
      },
      "frame": {
        "instance": 2,
        "level": 1,
        "ordered": true,
        "spread": false,
        "start": 1
      },
      "kind": "listItem"
    }
  ]
}
