{
  "formatVersion": 1,
  "meta": {
    "authors": [],
    "custom": {},
    "keywords": [],
    "language": "en"
  },
  "stats": {
    "codeBlocks": 0,
    "headings": 0,
    "images": 0,
    "tables": 0,
    "words": 18
  },
  "anchors": [],
  "assets": [],
  "footnotes": [],
  "blocks": [
    {
      "blocks": [
        {
          "align": null,
          "children": [
            {
              "kind": "text",
              "marks": {
                "bold": false,
                "code": false,
                "italic": false,
                "strike": false,
                "subscript": false,
                "superscript": false
              },
              "value": "Level one"
            }
          ],
          "context": {
            "indentLevel": 1,
            "insideCallout": null,
            "insideFootnote": false,
            "insideQuote": false,
            "insideTableCell": false,
            "listPath": [
              {
                "instance": 1,
                "level": 0,
                "ordered": false,
                "spread": false,
                "start": 1
              }
            ]
          },
          "kind": "paragraph"
        }
      ],
      "checked": null,
      "context": {
        "indentLevel": 1,
        "insideCallout": null,
        "insideFootnote": false,
        "insideQuote": false,
        "insideTableCell": false,
        "listPath": [
          {
            "instance": 1,
            "level": 0,
            "ordered": false,
            "spread": false,
            "start": 1
          }
        ]
      },
      "frame": {
        "instance": 1,
        "level": 0,
        "ordered": false,
        "spread": false,
        "start": 1
      },
      "kind": "listItem"
    },
    {
      "blocks": [
        {
          "align": null,
          "children": [
            {
              "kind": "text",
              "marks": {
                "bold": false,
                "code": false,
                "italic": false,
                "strike": false,
                "subscript": false,
                "superscript": false
              },
              "value": "Level two"
            }
          ],
          "context": {
            "indentLevel": 2,
            "insideCallout": null,
            "insideFootnote": false,
            "insideQuote": false,
            "insideTableCell": false,
            "listPath": [
              {
                "instance": 1,
                "level": 0,
                "ordered": false,
                "spread": false,
                "start": 1
              },
              {
                "instance": 1,
                "level": 1,
                "ordered": false,
                "spread": false,
                "start": 1
              }
            ]
          },
          "kind": "paragraph"
        }
      ],
      "checked": null,
      "context": {
        "indentLevel": 2,
        "insideCallout": null,
        "insideFootnote": false,
        "insideQuote": false,
        "insideTableCell": false,
        "listPath": [
          {
            "instance": 1,
            "level": 0,
            "ordered": false,
            "spread": false,
            "start": 1
          },
          {
            "instance": 1,
            "level": 1,
            "ordered": false,
            "spread": false,
            "start": 1
          }
        ]
      },
      "frame": {
        "instance": 1,
        "level": 1,
        "ordered": false,
        "spread": false,
        "start": 1
      },
      "kind": "listItem"
    },
    {
      "blocks": [
        {
          "align": null,
          "children": [
            {
              "kind": "text",
              "marks": {
                "bold": false,
                "code": false,
                "italic": false,
                "strike": false,
                "subscript": false,
                "superscript": false
              },
              "value": "Level three"
            }
          ],
          "context": {
            "indentLevel": 3,
            "insideCallout": null,
            "insideFootnote": false,
            "insideQuote": false,
            "insideTableCell": false,
            "listPath": [
              {
                "instance": 1,
                "level": 0,
                "ordered": false,
                "spread": false,
                "start": 1
              },
              {
                "instance": 1,
                "level": 1,
                "ordered": false,
                "spread": false,
                "start": 1
              },
              {
                "instance": 1,
                "level": 2,
                "ordered": false,
                "spread": false,
                "start": 1
              }
            ]
          },
          "kind": "paragraph"
        }
      ],
      "checked": null,
      "context": {
        "indentLevel": 3,
        "insideCallout": null,
        "insideFootnote": false,
        "insideQuote": false,
        "insideTableCell": false,
        "listPath": [
          {
            "instance": 1,
            "level": 0,
            "ordered": false,
            "spread": false,
            "start": 1
          },
          {
            "instance": 1,
            "level": 1,
            "ordered": false,
            "spread": false,
            "start": 1
          },
          {
            "instance": 1,
            "level": 2,
            "ordered": false,
            "spread": false,
            "start": 1
          }
        ]
      },
      "frame": {
        "instance": 1,
        "level": 2,
        "ordered": false,
        "spread": false,
        "start": 1
      },
      "kind": "listItem"
    },
    {
      "blocks": [
        {
          "align": null,
          "children": [
            {
              "kind": "text",
              "marks": {
                "bold": false,
                "code": false,
                "italic": false,
                "strike": false,
                "subscript": false,
                "superscript": false
              },
              "value": "Level four"
            }
          ],
          "context": {
            "indentLevel": 4,
            "insideCallout": null,
            "insideFootnote": false,
            "insideQuote": false,
            "insideTableCell": false,
            "listPath": [
              {
                "instance": 1,
                "level": 0,
                "ordered": false,
                "spread": false,
                "start": 1
              },
              {
                "instance": 1,
                "level": 1,
                "ordered": false,
                "spread": false,
                "start": 1
              },
              {
                "instance": 1,
                "level": 2,
                "ordered": false,
                "spread": false,
                "start": 1
              },
              {
                "instance": 1,
                "level": 3,
                "ordered": false,
                "spread": false,
                "start": 1
              }
            ]
          },
          "kind": "paragraph"
        }
      ],
      "checked": null,
      "context": {
        "indentLevel": 4,
        "insideCallout": null,
        "insideFootnote": false,
        "insideQuote": false,
        "insideTableCell": false,
        "listPath": [
          {
            "instance": 1,
            "level": 0,
            "ordered": false,
            "spread": false,
            "start": 1
          },
          {
            "instance": 1,
            "level": 1,
            "ordered": false,
            "spread": false,
            "start": 1
          },
          {
            "instance": 1,
            "level": 2,
            "ordered": false,
            "spread": false,
            "start": 1
          },
          {
            "instance": 1,
            "level": 3,
            "ordered": false,
            "spread": false,
            "start": 1
          }
        ]
      },
      "frame": {
        "instance": 1,
        "level": 3,
        "ordered": false,
        "spread": false,
        "start": 1
      },
      "kind": "listItem"
    },
    {
      "blocks": [
        {
          "align": null,
          "children": [
            {
              "kind": "text",
              "marks": {
                "bold": false,
                "code": false,
                "italic": false,
                "strike": false,
                "subscript": false,
                "superscript": false
              },
              "value": "Level five"
            }
          ],
          "context": {
            "indentLevel": 5,
            "insideCallout": null,
            "insideFootnote": false,
            "insideQuote": false,
            "insideTableCell": false,
            "listPath": [
              {
                "instance": 1,
                "level": 0,
                "ordered": false,
                "spread": false,
                "start": 1
              },
              {
                "instance": 1,
                "level": 1,
                "ordered": false,
                "spread": false,
                "start": 1
              },
              {
                "instance": 1,
                "level": 2,
                "ordered": false,
                "spread": false,
                "start": 1
              },
              {
                "instance": 1,
                "level": 3,
                "ordered": false,
                "spread": false,
                "start": 1
              },
              {
                "instance": 1,
                "level": 4,
                "ordered": false,
                "spread": false,
                "start": 1
              }
            ]
          },
          "kind": "paragraph"
        }
      ],
      "checked": null,
      "context": {
        "indentLevel": 5,
        "insideCallout": null,
        "insideFootnote": false,
        "insideQuote": false,
        "insideTableCell": false,
        "listPath": [
          {
            "instance": 1,
            "level": 0,
            "ordered": false,
            "spread": false,
            "start": 1
          },
          {
            "instance": 1,
            "level": 1,
            "ordered": false,
            "spread": false,
            "start": 1
          },
          {
            "instance": 1,
            "level": 2,
            "ordered": false,
            "spread": false,
            "start": 1
          },
          {
            "instance": 1,
            "level": 3,
            "ordered": false,
            "spread": false,
            "start": 1
          },
          {
            "instance": 1,
            "level": 4,
            "ordered": false,
            "spread": false,
            "start": 1
          }
        ]
      },
      "frame": {
        "instance": 1,
        "level": 4,
        "ordered": false,
        "spread": false,
        "start": 1
      },
      "kind": "listItem"
    },
    {
      "blocks": [
        {
          "align": null,
          "children": [
            {
              "kind": "text",
              "marks": {
                "bold": false,
                "code": false,
                "italic": false,
                "strike": false,
                "subscript": false,
                "superscript": false
              },
              "value": "Level six"
            }
          ],
          "context": {
            "indentLevel": 6,
            "insideCallout": null,
            "insideFootnote": false,
            "insideQuote": false,
            "insideTableCell": false,
            "listPath": [
              {
                "instance": 1,
                "level": 0,
                "ordered": false,
                "spread": false,
                "start": 1
              },
              {
                "instance": 1,
                "level": 1,
                "ordered": false,
                "spread": false,
                "start": 1
              },
              {
                "instance": 1,
                "level": 2,
                "ordered": false,
                "spread": false,
                "start": 1
              },
              {
                "instance": 1,
                "level": 3,
                "ordered": false,
                "spread": false,
                "start": 1
              },
              {
                "instance": 1,
                "level": 4,
                "ordered": false,
                "spread": false,
                "start": 1
              },
              {
                "instance": 1,
                "level": 5,
                "ordered": false,
                "spread": false,
                "start": 1
              }
            ]
          },
          "kind": "paragraph"
        }
      ],
      "checked": null,
      "context": {
        "indentLevel": 6,
        "insideCallout": null,
        "insideFootnote": false,
        "insideQuote": false,
        "insideTableCell": false,
        "listPath": [
          {
            "instance": 1,
            "level": 0,
            "ordered": false,
            "spread": false,
            "start": 1
          },
          {
            "instance": 1,
            "level": 1,
            "ordered": false,
            "spread": false,
            "start": 1
          },
          {
            "instance": 1,
            "level": 2,
            "ordered": false,
            "spread": false,
            "start": 1
          },
          {
            "instance": 1,
            "level": 3,
            "ordered": false,
            "spread": false,
            "start": 1
          },
          {
            "instance": 1,
            "level": 4,
            "ordered": false,
            "spread": false,
            "start": 1
          },
          {
            "instance": 1,
            "level": 5,
            "ordered": false,
            "spread": false,
            "start": 1
          }
        ]
      },
      "frame": {
        "instance": 1,
        "level": 5,
        "ordered": false,
        "spread": false,
        "start": 1
      },
      "kind": "listItem"
    },
    {
      "blocks": [
        {
          "align": null,
          "children": [
            {
              "kind": "text",
              "marks": {
                "bold": false,
                "code": false,
                "italic": false,
                "strike": false,
                "subscript": false,
                "superscript": false
              },
              "value": "Level seven"
            }
          ],
          "context": {
            "indentLevel": 7,
            "insideCallout": null,
            "insideFootnote": false,
            "insideQuote": false,
            "insideTableCell": false,
            "listPath": [
              {
                "instance": 1,
                "level": 0,
                "ordered": false,
                "spread": false,
                "start": 1
              },
              {
                "instance": 1,
                "level": 1,
                "ordered": false,
                "spread": false,
                "start": 1
              },
              {
                "instance": 1,
                "level": 2,
                "ordered": false,
                "spread": false,
                "start": 1
              },
              {
                "instance": 1,
                "level": 3,
                "ordered": false,
                "spread": false,
                "start": 1
              },
              {
                "instance": 1,
                "level": 4,
                "ordered": false,
                "spread": false,
                "start": 1
              },
              {
                "instance": 1,
                "level": 5,
                "ordered": false,
                "spread": false,
                "start": 1
              },
              {
                "instance": 1,
                "level": 6,
                "ordered": false,
                "spread": false,
                "start": 1
              }
            ]
          },
          "kind": "paragraph"
        }
      ],
      "checked": null,
      "context": {
        "indentLevel": 7,
        "insideCallout": null,
        "insideFootnote": false,
        "insideQuote": false,
        "insideTableCell": false,
        "listPath": [
          {
            "instance": 1,
            "level": 0,
            "ordered": false,
            "spread": false,
            "start": 1
          },
          {
            "instance": 1,
            "level": 1,
            "ordered": false,
            "spread": false,
            "start": 1
          },
          {
            "instance": 1,
            "level": 2,
            "ordered": false,
            "spread": false,
            "start": 1
          },
          {
            "instance": 1,
            "level": 3,
            "ordered": false,
            "spread": false,
            "start": 1
          },
          {
            "instance": 1,
            "level": 4,
            "ordered": false,
            "spread": false,
            "start": 1
          },
          {
            "instance": 1,
            "level": 5,
            "ordered": false,
            "spread": false,
            "start": 1
          },
          {
            "instance": 1,
            "level": 6,
            "ordered": false,
            "spread": false,
            "start": 1
          }
        ]
      },
      "frame": {
        "instance": 1,
        "level": 6,
        "ordered": false,
        "spread": false,
        "start": 1
      },
      "kind": "listItem"
    },
    {
      "blocks": [
        {
          "align": null,
          "children": [
            {
              "kind": "text",
              "marks": {
                "bold": false,
                "code": false,
                "italic": false,
                "strike": false,
                "subscript": false,
                "superscript": false
              },
              "value": "Level eight"
            }
          ],
          "context": {
            "indentLevel": 8,
            "insideCallout": null,
            "insideFootnote": false,
            "insideQuote": false,
            "insideTableCell": false,
            "listPath": [
              {
                "instance": 1,
                "level": 0,
                "ordered": false,
                "spread": false,
                "start": 1
              },
              {
                "instance": 1,
                "level": 1,
                "ordered": false,
                "spread": false,
                "start": 1
              },
              {
                "instance": 1,
                "level": 2,
                "ordered": false,
                "spread": false,
                "start": 1
              },
              {
                "instance": 1,
                "level": 3,
                "ordered": false,
                "spread": false,
                "start": 1
              },
              {
                "instance": 1,
                "level": 4,
                "ordered": false,
                "spread": false,
                "start": 1
              },
              {
                "instance": 1,
                "level": 5,
                "ordered": false,
                "spread": false,
                "start": 1
              },
              {
                "instance": 1,
                "level": 6,
                "ordered": false,
                "spread": false,
                "start": 1
              },
              {
                "instance": 1,
                "level": 7,
                "ordered": false,
                "spread": false,
                "start": 1
              }
            ]
          },
          "kind": "paragraph"
        }
      ],
      "checked": null,
      "context": {
        "indentLevel": 8,
        "insideCallout": null,
        "insideFootnote": false,
        "insideQuote": false,
        "insideTableCell": false,
        "listPath": [
          {
            "instance": 1,
            "level": 0,
            "ordered": false,
            "spread": false,
            "start": 1
          },
          {
            "instance": 1,
            "level": 1,
            "ordered": false,
            "spread": false,
            "start": 1
          },
          {
            "instance": 1,
            "level": 2,
            "ordered": false,
            "spread": false,
            "start": 1
          },
          {
            "instance": 1,
            "level": 3,
            "ordered": false,
            "spread": false,
            "start": 1
          },
          {
            "instance": 1,
            "level": 4,
            "ordered": false,
            "spread": false,
            "start": 1
          },
          {
            "instance": 1,
            "level": 5,
            "ordered": false,
            "spread": false,
            "start": 1
          },
          {
            "instance": 1,
            "level": 6,
            "ordered": false,
            "spread": false,
            "start": 1
          },
          {
            "instance": 1,
            "level": 7,
            "ordered": false,
            "spread": false,
            "start": 1
          }
        ]
      },
      "frame": {
        "instance": 1,
        "level": 7,
        "ordered": false,
        "spread": false,
        "start": 1
      },
      "kind": "listItem"
    },
    {
      "blocks": [
        {
          "align": null,
          "children": [
            {
              "kind": "text",
              "marks": {
                "bold": false,
                "code": false,
                "italic": false,
                "strike": false,
                "subscript": false,
                "superscript": false
              },
              "value": "Level nine"
            }
          ],
          "context": {
            "indentLevel": 9,
            "insideCallout": null,
            "insideFootnote": false,
            "insideQuote": false,
            "insideTableCell": false,
            "listPath": [
              {
                "instance": 1,
                "level": 0,
                "ordered": false,
                "spread": false,
                "start": 1
              },
              {
                "instance": 1,
                "level": 1,
                "ordered": false,
                "spread": false,
                "start": 1
              },
              {
                "instance": 1,
                "level": 2,
                "ordered": false,
                "spread": false,
                "start": 1
              },
              {
                "instance": 1,
                "level": 3,
                "ordered": false,
                "spread": false,
                "start": 1
              },
              {
                "instance": 1,
                "level": 4,
                "ordered": false,
                "spread": false,
                "start": 1
              },
              {
                "instance": 1,
                "level": 5,
                "ordered": false,
                "spread": false,
                "start": 1
              },
              {
                "instance": 1,
                "level": 6,
                "ordered": false,
                "spread": false,
                "start": 1
              },
              {
                "instance": 1,
                "level": 7,
                "ordered": false,
                "spread": false,
                "start": 1
              },
              {
                "instance": 1,
                "level": 8,
                "ordered": false,
                "spread": false,
                "start": 1
              }
            ]
          },
          "kind": "paragraph"
        }
      ],
      "checked": null,
      "context": {
        "indentLevel": 9,
        "insideCallout": null,
        "insideFootnote": false,
        "insideQuote": false,
        "insideTableCell": false,
        "listPath": [
          {
            "instance": 1,
            "level": 0,
            "ordered": false,
            "spread": false,
            "start": 1
          },
          {
            "instance": 1,
            "level": 1,
            "ordered": false,
            "spread": false,
            "start": 1
          },
          {
            "instance": 1,
            "level": 2,
            "ordered": false,
            "spread": false,
            "start": 1
          },
          {
            "instance": 1,
            "level": 3,
            "ordered": false,
            "spread": false,
            "start": 1
          },
          {
            "instance": 1,
            "level": 4,
            "ordered": false,
            "spread": false,
            "start": 1
          },
          {
            "instance": 1,
            "level": 5,
            "ordered": false,
            "spread": false,
            "start": 1
          },
          {
            "instance": 1,
            "level": 6,
            "ordered": false,
            "spread": false,
            "start": 1
          },
          {
            "instance": 1,
            "level": 7,
            "ordered": false,
            "spread": false,
            "start": 1
          },
          {
            "instance": 1,
            "level": 8,
            "ordered": false,
            "spread": false,
            "start": 1
          }
        ]
      },
      "frame": {
        "instance": 1,
        "level": 8,
        "ordered": false,
        "spread": false,
        "start": 1
      },
      "kind": "listItem"
    }
  ]
}
