{
  "formatVersion": 1,
  "meta": {
    "authors": [],
    "custom": {},
    "keywords": [],
    "language": "en"
  },
  "stats": {
    "codeBlocks": 0,
    "headings": 0,
    "images": 0,
    "tables": 0,
    "words": 34
  },
  "anchors": [],
  "assets": [],
  "footnotes": [],
  "blocks": [
    {
      "align": null,
      "children": [
        {
          "kind": "text",
          "marks": {
            "bold": false,
            "code": false,
            "italic": false,
            "strike": false,
            "subscript": false,
            "superscript": false
          },
          "value": "Angle brackets a < b and c > d."
        }
      ],
      "context": {
        "indentLevel": 0,
        "insideCallout": null,
        "insideFootnote": false,
        "insideQuote": false,
        "insideTableCell": false,
        "listPath": []
      },
      "kind": "paragraph"
    },
    {
      "align": null,
      "children": [
        {
          "kind": "text",
          "marks": {
            "bold": false,
            "code": false,
            "italic": false,
            "strike": false,
            "subscript": false,
            "superscript": false
          },
          "value": "An ampersand in Smith & Sons."
        }
      ],
      "context": {
        "indentLevel": 0,
        "insideCallout": null,
        "insideFootnote": false,
        "insideQuote": false,
        "insideTableCell": false,
        "listPath": []
      },
      "kind": "paragraph"
    },
    {
      "align": null,
      "children": [
        {
          "kind": "text",
          "marks": {
            "bold": false,
            "code": false,
            "italic": false,
            "strike": false,
            "subscript": false,
            "superscript": false
          },
          "value": "Double \"quoted\" text and single 'quoted' text."
        }
      ],
      "context": {
        "indentLevel": 0,
        "insideCallout": null,
        "insideFootnote": false,
        "insideQuote": false,
        "insideTableCell": false,
        "listPath": []
      },
      "kind": "paragraph"
    },
    {
      "align": null,
      "children": [
        {
          "kind": "text",
          "marks": {
            "bold": false,
            "code": false,
            "italic": false,
            "strike": false,
            "subscript": false,
            "superscript": false
          },
          "value": "A literal backslash and an underscore_inside_a_word."
        }
      ],
      "context": {
        "indentLevel": 0,
        "insideCallout": null,
        "insideFootnote": false,
        "insideQuote": false,
        "insideTableCell": false,
        "listPath": []
      },
      "kind": "paragraph"
    },
    {
      "align": null,
      "children": [
        {
          "kind": "text",
          "marks": {
            "bold": false,
            "code": false,
            "italic": false,
            "strike": false,
            "subscript": false,
            "superscript": false
          },
          "value": "Characters that matter to XML: <>&\"'"
        }
      ],
      "context": {
        "indentLevel": 0,
        "insideCallout": null,
        "insideFootnote": false,
        "insideQuote": false,
        "insideTableCell": false,
        "listPath": []
      },
      "kind": "paragraph"
    }
  ]
}
